---
source: src/regression.rs
assertion_line: 3321
expression: ansi
---
┌──────────────────────────────────────────────────────────────────────────────────────────────────┐
│                                    DROID: graph_latency_chain                                    │
└──────────────────────────────────────────────────────────────────────────────────────────────────┘


┌(unnamed)─────────────────────────────────────────────────────────────────────────────────────────┐
│                                                                                                  │
│                             ╭copy────────────────╮                                               │
│                             │                    │                                               │
│                        ┌────◉                  ┌─●                                               │
│                        │    │                  │ │                                               │
│                        │    ╰────────────────────╯                                               │
│                        │                       │                                                 │
╭clocktool───────────╮   │                       │                                                 │
│                    │   │                       │                                                 │
│                    ●───┘                       │                                                 │
│                    │                           │                            ╭contour─────────────╮
╰────────────────────╯                           │                            │                    │
│                                                │                       ┌────◉                    │
│                                                │                       │    │                    │
│                                                │                       │    ╰────────────────────╯
│                                              ╭mixer───────────────╮    │                         │
│                                              │ │                  │    │                         │
│                                              ◉─┘                  ●────┘                         │
│                                              │                    │                              │
│                                              ╰────────────────────╯                              │
│                                                                                                  │
│                   ╭p2b8────────────────╮                                                         │
│                   │                    │                                                         │
│                   │                    │                                                         │
│                   │                    │                                                         │
│                   ╰────────────────────╯                                                         │
│                                                                                                  │
└──────────────────────────────────────────────────────────────────────────────────────────────────┘



┌──────────────────────────────────────────────────────────────────────────────────────────────────┐
│No patch loaded. Press 'l' to load. | Renders degraded at 100 cols — use ≥ 290 cols or reduce scal│
└──────────────────────────────────────────────────────────────────────────────────────────────────┘
