---
source: src/regression.rs
expression: ansi
---
┌──────────────────────────────────────────────────────────────────────────────────────────────────┐
│                                         DROID: led_pairs                                         │
└──────────────────────────────────────────────────────────────────────────────────────────────────┘
┌──┐┌──┐
◉ ◉…◉ ◉…
0%0%0%0%
│  ││  │
│  ││  │
│  ││  │
│  ││  │
│  ││  │
│  ││  │
│  ││  │
│  ││  │
│○○│○○○│
│……│… …│
│  ││  │
│  ││  │
│○○│○ ○│
│○○│…○○│
│  ││  │
│  ││  │
│  ││  │
│○○│○○○│
│……│… …│
│  ││  │
│  ││  │
│○○│○ ○│
│○○│…○○│
│  ││  │
│  ││  │
│  ││  │
│  ││  │
│  ││  │
│  ││  │
│  ││  │
└──┘└──┘
┌──────────────────────────────────────────────────────────────────────────────────────────────────┐
│No patch loaded. Press 'l' to load. | Renders degraded at 100 cols — use ≥ 292 cols or reduce scal│
└──────────────────────────────────────────────────────────────────────────────────────────────────┘
