---
source: src/regression.rs
expression: ansi
---
┌──────────────────────────────────────────────────────────────────────────────────────────────────┐
│                                       DROID: all_uncovered                                       │
└──────────────────────────────────────────────────────────────────────────────────────────────────┘
┌──┐┌──┐─┌──┐┐
◉ ◉…  D… │ C…
0%0%│  │ │  ││
│  ││  │ │  ││
│  ││  │ │  ││
│  ││  │ │  ││
│  ││  │ ▶  ││
│  ││  │ …  ││
│  ││ ○│ │  ││
│  ││ …│ │  ││
│  ││  │ │  ││
│  ││  │ │  ││
│  ││  │ │  ││
│  ││  │ │  ││
│○○││  ◉ │  ││
│… ││  … │  ││
│  ││  │ │  ││
│  ││  │ │  ││
│  ││  │ │  ││
│  ││  │ │  ││
│  ││  │ │  ││
│  ││  │ │  ││
│  ││  │ │  ││
│  ││  │ │  ││
│  ││  │ │  ││
│  ││  │ │  ││
│  ││  │ │  ││
│  ││  │ │  ││
│  ││  │ │  ││
│  ││  │ │  ││
│  ││  │ │  ││
│  ││  │ │  ││
│  ││  │ │  ││
│  ││  │ │  ││
│  ││  │ │  ││
└──┘└──┘─└──┘┘








┌──────────────────────────────────────────────────────────────────────────────────────────────────┐
│Loaded all_uncovered | Renders degraded at 100 cols — use ≥ 134 cols or reduce scale | Scale: 1.0 │
└──────────────────────────────────────────────────────────────────────────────────────────────────┘
