---
source: src/regression.rs
assertion_line: 3363
expression: ansi
---
┌──────────────────────────────────────┐
│     DROID: graph_latency_backedge    │
└──────────────────────────────────────┘



┌(unnamed)─────────────────────────────┐
│                                      │
│                ╭lfo─────────────────╮│
│                │                    ││
│                ◉─┐        ┌─────────●│
│                │ │        │         ││
│                ╰────────────────────╯│
│                  │        │          │
╭button──────────────╮      │          │
│                  │ │      │          │
│                  └─●      │          │
│                   ││      │          │
╰────────────────────╯      │          │
│                  ╭contour────────────╮
│                  ││       │          │
│                  ◉────────┘          │
│                  │                   │
│                  ╰───────────────────╯
│                                      │
│                                      │
╭p2b8────────────────╮                 │
│                    │                 │
│                    │                 │
│                    │                 │
╰────────────────────╯                 │
│                                      │
└──────────────────────────────────────┘




┌──────────────────────────────────────┐
│No patch loaded. Press 'l' to load. | │
└──────────────────────────────────────┘
