---
source: src/regression.rs
expression: ansi
---
┌──────────────────────────────────────────────────────────────────────────────┐
│                              DROID: switch_value                             │
└──────────────────────────────────────────────────────────────────────────────┘
┌ Pot ─────────────────────────────────────────────────────────────────────────┐
│  ◉ Switch S1.1   ▣ Switch S1.2   ○ Button B1.1    ◉ Pot P1.1                 │
│       35%             ON              OFF             0%                     │
│                                                                              │
└──────────────────────────────────────────────────────────────────────────────┘



















┌──────────────────────────────────────────────────────────────────────────────┐
│No patch loaded. Press 'l' to load. | Renders degraded at 80 cols — use ≥ 66 c│
└──────────────────────────────────────────────────────────────────────────────┘
