---
source: src/regression.rs
expression: ansi
---
┌──────────────────────────────────────────────────────────────────────────────────────────────────────────────────────┐
│                                          DROID: modifier_switch_passthrough                                          │
└──────────────────────────────────────────────────────────────────────────────────────────────────────────────────────┘
┌ Panels ──────────────────────────────────────────────────────────────┐┌ Source ──────────────────────────────────────┐
│◉◉┐┌────┐┐                                                            ││┌ Circuits ────────┐┌ Source [raw] ───────┐┌ ┐│
│…0%  CV …                                                             │││p2b8              ││# modifier_switch_pas││·││
││ ││    ││                                                            │││button            ││# Exercises direct co││·││
││ ││    ││                                                            │││copy              ││# copy chains, leaf t││·││
││ ││    ││                                                            │││clocktool         ││                     ││·││
││ ││    ││                                                            │││copy (1)          ││[p2b8]               ││·││
││ ││    ││                                                            │││contour           ││                     ││·││
││ ││    ││                                                            │││copy (2)          ││# HW -> VAR derivatio││·││
││ ││    ││                                                            │││copy (3)          ││[button]             ││·││
││ ││    ││                                                            │││contour (1)       ││    button = B1.1    ││·││
│○○││    ││                                                            │││switch            ││    output = _TRIG   ││·││
│……││    ││                                                            │││quantizer         ││                     ││·││
││ ││    ││                                                            │││mixer             ││[copy]               ││·││
││ ││    ││                                                            │││contour (2)       ││    input = B1.1     ││·││
│○○┘└──▶─┘┘                                                            ││└──────────────────┘└─────────────────────┘└─┘│
└──────────────────────────────────────────────────────────────────────┘└──────────────────────────────────────────────┘
┌ Graph FULL ──────────────────────────────────────────────┐┌ Graph FILTERED ──────────────────────────────────────────┐
│╭copy────────────────╮─╮─────────────────────────────────┐││                   No influence selected                  │
││ │╭copy────────────────╮                                │││                                                          │
││ ││                 │ ││         ╭b╭led─────────────────╮││                                                          │
││╭c│ntour─────────────╮╮│         │ │                  │ │││                                                          │
│╰│││─────────────────╯│││         │╭◉witch──────────────╮│││                                                          │
││││╰────────────────────╯╮        ╭││quantizer───────────│││                                                          │
│╭copy────────────────╮╮│ │       ╭c╭╰────────────────────╯││                                                          │
│││─╭switch──────────────╮│       │╭╭logic───────────────╮│││                                                          │
│││ │╭contour─────────││─│╮       ││││───────────────────││││                                                          │
│││c││y───────────────││─││       │◉◉╰───────────────────●╯││                                                          │
│╰──│─────────────────╯╯╮││       ╰││────────────────────││││                                                          │
││││╰────────────────────╯│        ╰╰────────────────────╯│││                                                          │
││││ ╰──────────────────│─╯                               │││                                                          │
││╰│───────────────────╯│                                 │││                                                          │
│└─╰────────────────────╯─────────────────────────────────┘││                                                          │
└──────────────────────────────────────────────────────────┘└──────────────────────────────────────────────────────────┘
┌──────────────────────────────────────────────────────────────────────────────────────────────────────────────────────┐
│Quad [Tab] focus: Panels | Modifier: no modifier | Esc close | Tab cycle                                              │
└──────────────────────────────────────────────────────────────────────────────────────────────────────────────────────┘
