---
source: src/regression.rs
expression: ansi
---
┌──────────────────────────────────────────────────────────────────────────────┐
│                              DROID: switch_value                             │
└──────────────────────────────────────────────────────────────────────────────┘
┌────┐
│ Fad…
▯    │
▯    │
▯    │
▮    │
▮    │
▮    │
▮    │
│    │
│    │
◉▣   │
……   │
│    │
│    │
│    │
│    │
│    │
│    │
│    │
│    │
│    │
│    │
└────┘
┌──────────────────────────────────────────────────────────────────────────────┐
│Loaded switch_value | Scale: 1.0 | Orientation: Portrait                      │
└──────────────────────────────────────────────────────────────────────────────┘
