---
source: src/regression.rs
expression: tight_ansi
---
┌──────────────────────────────────────────────────────────────────────────────────────────────────┐
│                        ┌Mixer──────────────────────────────────────────────┐                     │
└────────────────────────│───────────────────────────────────────────────────│─────────────────────┘
                         │                            ╭contour─────────────╮ │
                         │                            │                    │ │
                         │                       ┌────◉───────┐            │ │
                     ┌(un│amed)───────────────┐  │    │       │            │ │
                     │   │                    │  │    ╰────────────────────╯ │
                     │ ╭button──────────────╮ │  │            │              │
                     │ │ │                  │ │  │            │              │
                     │ │ │                  ●─┐──┘            │              │
                     │ │ │                  │ │               │              │
                     │ ╰────────────────────╯ │               │              │
                     │   │                    │               │              │
                     └───│────────────────────│               │              │
                         │                    │               │              │
                         │                    │               │              │
                         │                    │               │              │
                         │                    │               │              │
                         │                    │  ╭mixer───────────────╮      │
                         │                    │  │            │       │      │
                         │                    └──◉            └───────●      │
                         │                      ││                    │      │
                         │                      │╰────────────────────╯      │
                         │                      │                            │
                         │                      │                            │
                         │                      │                            │
                         │                      │                            │
                         │                      │                            │
                         │                      │                            │
                         │                      │                            │
                         │                      │                            │
                         │ ╭clocktool───────────╮                            │
                         │ │                    │                            │
                         │ │                    ●                            │
                         │ │                    │                            │
                         │ ╰────────────────────╯                            │
┌──────────────────────────────────────────────────────────────────────────────────────────────────┐
│Loaded cable_banner_combos | latency avg 0.0 / max 0.0 (1 loop ≈ 190µs) | 0 back edge(s) | Scale: │
└──────────────────────────────────────────────────────────────────────────────────────────────────┘
