---
source: src/regression.rs
expression: ansi_closed
---
┌──────────────────────────────────────────────────────────────────────────────────────────────────┐
│                                     DROID: source_navigation                                     │
└──────────────────────────────────────────────────────────────────────────────────────────────────┘
┌──┐┌──┐┐
◉ ◉…  C…
0%0%│  ││
│  ││  ││
│  ││  ││
│  ││  ││
│  │▶▶ ││
│  │…… ││
│  ││  ││
│  ││  ││
│  │▶▶ ││
│○○│…… ││
│……││  ││
│  ││  ││
│  │▶▶ ││
│○○│…… ││
│○○││  ││
│  ││  ││
│  │▶▶ ││
│  │…… ││
│○○││  ││
│……││  ││
│  ││  ││
│  ││  ││
│○○││  ││
│○○││  ││
│  ││  ││
│  ││  ││
│  ││  ││
│  ││  ││
│  ││  ││
│  ││  ││
│  ││  ││
└──┘└──┘┘
┌──────────────────────────────────────────────────────────────────────────────────────────────────┐
│Loaded source_navigation | Renders degraded at 100 cols — use ≥ 420 cols or reduce scale | Scale: │
└──────────────────────────────────────────────────────────────────────────────────────────────────┘
