---
source: src/ui.rs
expression: channel
---
┌──────────────────────────────────────────────────────────────────────────────────────────────────────────────────────┐
│No patch loaded. Press 'l' to load. | Renders degraded at 120 cols — use ≥ 228 cols or reduce scale | Scale: 1.0 | Ori│
└──────────────────────────────────────────────────────────────────────────────────────────────────────────────────────┘
