---
source: src/regression.rs
expression: ansi
---
┌──────────────────────────────────────────────────────────────────────────────────────────────────┐
│                                     DROID: optimizer_latency                                     │
└─╭ Optimizer (3) · w = 1.0 (min-max) ───────────────────────────────────────────────────────────╮─┘
┌─│▶ banner (default) obj 1.00 · avg 4.00→1.00 · max 4.00→1.00 · back-edges 4→0                  │
│ │   global min-sum obj 1.00 · avg 4.00→1.00 · max 4.00→1.00 · back-edges 4→0                   │
│ │   annealing obj 1.00 · avg 4.00→1.00 · max 4.00→1.00 · back-edges 4→0                        │
│ │                                                                                              │
│ │                                                                                              │
│ │                                                                                              │
│ │                                                                                              │
│ │                                                                                              │
│ │                                                                                              │
│ │                                                                                              │
│ │                                                                                              │
│ │                                                                                              │
│ │                                                                                              │
│ │                                                                                              │
│ │                                                                                              │
│ │                                                                                              │
│ │                                                                                              │
│ │                                                                                              │
│ │                                                                                              │
│ │                                                                                              │
│ │                                                                                              │
│ │                                                                                              │
│ │                                                                                              │
└─│                                                                                              │
┌─╰ j/k select · Enter preview · r restore · s export · Esc close ───────────────────────────────╯─┐
│Optimizer w = 1.0: j/k select · Enter preview · r restore · s export · Esc close | Renders degrade│
└──────────────────────────────────────────────────────────────────────────────────────────────────┘
