---
source: src/regression.rs
expression: ansi
---
┌──────────────────────────────────────────────────────────────────────────────────────────────────────────────────────┐
│                                                   DROID: arpeggio1                                                   │
└──────────────────────────────────────────────────────────────────────────────────────────────────────────────────────┘
┌ P2B8 ────────────────────────────────────────────────────────────────────────────────────────────────────────────────┐
│┌ ○ [DIR] Dire…┐┌ ○ [PNG] Enab…┐┌ ○ [FLY] Swit…┐┌ ○ [OCT] Set …┐┌ ○ [DRP] When…┐┌ ○ [STA] Enfo…┐┌ ○ [TRI] Swit…┐      │
││     OFF ○    ││     OFF ○    ││     OFF ○    ││     OFF ○    ││     OFF ○    ││     OFF ○    ││     OFF ○    │      │
│└──────────────┘└──────────────┘└──────────────┘└──────────────┘└──────────────┘└──────────────┘└──────────────┘      │
│┌ ○ [MIN] Swit…┐◉ [SPE] Speed o…◉ [PAT] Arpeggi…                                                                      │
││     OFF ○    │       0%              0%                                                                             │
│└──────────────┘                                                                                                      │
└──────────────────────────────────────────────────────────────────────────────────────────────────────────────────────┘
┌ CV I/O ──────────────────────────────────────────────────────────────────────────────────────────────────────────────┐
│← [ENV] envelope→ [CLK] optiona…← [CLK] interna…← [V/O] pitch (…                                                      │
│     CV OUT           CV IN          CV OUT          CV OUT                                                           │
│                                                                                                                      │
└──────────────────────────────────────────────────────────────────────────────────────────────────────────────────────┘











┌──────────────────────────────────────────────────────────────────────────────────────────────────────────────────────┐
│No patch loaded. Press 'l' to load. | PROCESSING PAUSED | Scale: 1.0 | Orientation: Portrait                          │
└──────────────────────────────────────────────────────────────────────────────────────────────────────────────────────┘
