---
source: src/regression.rs
expression: ansi
---
┌──────────────────────────────────────────────────────────────────────────────────────────────────────────────────────┐
│                                              DROID: cable_banner_combos                                              │
└──────────────────────────────────────────────────────────────────────────────────────────────────────────────────────┘
┌──┐┌────┐┐
│ C…  CV …
│  ││    ││
│  ││    ││
│  ││    ││
│  ││    ││
│  ││    ││
│  ││    ││
│  ││    ││
│  ││    ││
│  ││    ││
│  ││    ││
│  ││    ││
│  ││    ││
│  ││    ││
│  ││  ▶ ││
│  ││  … ││
│  ││    ││
│  ││    ││
│  ││    ││
│  ││    ││
│  ││    ││
│  ││    ││
│  ││    ││
│  ││    ││
│  ││    ││
│  ││    ││
│  ││    ││
│  ││    ││
│  ││    ││
│  ││    ││
│  ││    ││
│  ││    ││
└──┘└────┘┘
┌──────────────────────────────────────────────────────────────────────────────────────────────────────────────────────┐
│No patch loaded. Press 'l' to load. | MOD B1.1 → 2 cells / 2 cables | Scale: 1.0 | Orientation: Portrait              │
└──────────────────────────────────────────────────────────────────────────────────────────────────────────────────────┘
