---
source: src/regression.rs
expression: ansi
---
┌──────────────────────────────────────────────────────────────────────────────────────────────────────────────────────┐
│                                             DROID: physical_multirow_rack                                            │
└──────────────────────────────────────────────────────────────────────────────────────────────────────────────────────┘
┌──┐┌──┐┌──┐┌─┐─┌─┐┌──┐┌──┐┌──┐┌──┐┌──┐┌──┐┌──┐┌─┐─┌─┐┌──┐┌──┐┌────┐┐
· ·│· ·│· ·│· · ··││··││··││··│· ·│· ·│· ·│· ·│· · ··││··││··││    ││
│  ││  ││  ││ │ │ ││  ││  ││  ││  ││  ││  ││  ││ │ │ ││  ││  ││    ││
│  ││  ││  ││ │ │ ││  ││  ││  ││  ││  ││  ││  ││ │ │ ││  ││  ││    ││
│  ││  ││  ││ │ │ ││  ││  ││  ││  ││  ││  ││  ││ │ │ ││  ││  ││    ││
│  ││  ││  ││ │ │ ││  ││  ││  ││  ││  ││  ││  ││ │ │ ││  ││  ││    ││
│  ││  ││  ││ │ │ ││  ││  ││  ││  ││  ││  ││  ││ │ │ ││  ││  ││    ││
│  ││  ││  ││ │ │ ││  ││  ││  ││  ││  ││  ││  ││ │ │ ││  ││  ││    ││
│  ││  ││  ││ │ │ ││  ││  ││  ││  ││  ││  ││  ││ │ │ ││  ││  ││    ││
│  ││  ││  ││ │ │ ││  ││  ││  ││  ││  ││  ││  ││ │ │ ││  ││  ││    ││
│  ││  ││  ││ │ │ ││  ││  ││  ││  ││  ││  ││  ││ │ │ ││  ││  ││    ││
│··│···│···│··· ···│···│···│··││··│···│···│···│··· ···│···│···│    ││
│  ││  ││  ││ │ │ ││  ││  ││  ││  ││  ││  ││  ││ │ │ ││  ││  ││    ││
│  ││  ││  ││ │ │ ││  ││  ││  ││  ││  ││  ││  ││ │ │ ││  ││  ││    ││
│  ││  ││  ││ │ │ ││  ││  ││  ││  ││  ││  ││  ││ │ │ ││  ││  ││    ││
│··│· ·│· ·│· · ··││··││··││··││··│· ·│· ·│· ·│· · ··││··││··││◀   ││
│··││··││··││·· · ·│· ·│· ·│··││··││··││··││··││·· · ·│· ·│· ·│    ││
│  ││  ││  ││ │ │ ││  ││  ││  ││  ││  ││  ││  ││ │ │ ││  ││  ││    ││
│  ││  ││  ││ │ │ ││  ││  ││  ││  ││  ││  ││  ││ │ │ ││  ││  ││    ││
│  ││  ││  ││ │ │ ││  ││  ││  ││  ││  ││  ││  ││ │ │ ││  ││  ││    ││
│··│···│···│··· ···│···│···│··││··│···│···│···│··· ···│···│···│    ││
│  ││  ││  ││ │ │ ││  ││  ││  ││  ││  ││  ││  ││ │ │ ││  ││  ││    ││
│  ││  ││  ││ │ │ ││  ││  ││  ││  ││  ││  ││  ││ │ │ ││  ││  ││    ││
│  ││  ││  ││ │ │ ││  ││  ││  ││  ││  ││  ││  ││ │ │ ││  ││  ││    ││
│··│· ·│· ·│· · ··││··││··││··││··│· ·│· ·│· ·│· · ··││··││··││    ││
│··││··││··││·· · ·│· ·│· ·│··││··││··││··││··││·· · ·│· ·│· ·│    ││
│  ││  ││  ││ │ │ ││  ││  ││  ││  ││  ││  ││  ││ │ │ ││  ││  ││    ││
│  ││  ││  ││ │ │ ││  ││  ││  ││  ││  ││  ││  ││ │ │ ││  ││  ││    ││
│  ││  ││  ││ │ │ ││  ││  ││  ││  ││  ││  ││  ││ │ │ ││  ││  ││    ││
│  ││  ││  ││ │ │ ││  ││  ││  ││  ││  ││  ││  ││ │ │ ││  ││  ││    ││
│  ││  ││  ││ │ │ ││  ││  ││  ││  ││  ││  ││  ││ │ │ ││  ││  ││    ││
│  ││  ││  ││ │ │ ││  ││  ││  ││  ││  ││  ││  ││ │ │ ││  ││  ││    ││
│  ││  ││  ││ │ │ ││  ││  ││  ││  ││  ││  ││  ││ │ │ ││  ││  ││    ││
│  ││  ││  ││ │ │ ││  ││  ││  ││  ││  ││  ││  ││ │ │ ││  ││  ││    ││
│  ││  ││  ││ │ │ ││  ││  ││  ││  ││  ││  ││  ││ │ │ ││  ││  ││    ││
└──┘└──┘└──┘└─┘─└─┘└──┘└──┘└──┘└──┘└──┘└──┘└──┘└─┘─└─┘└──┘└──┘└────┘┘




























┌──────────────────────────────────────────────────────────────────────────────────────────────────────────────────────┐
│Loaded physical_multirow_rack | Renders degraded at 120 cols — use ≥ 310 cols or reduce scale | Scale: 1.0 | Orientati│
└──────────────────────────────────────────────────────────────────────────────────────────────────────────────────────┘
