---
source: src/regression.rs
assertion_line: 3385
expression: ansi
---
┌──────────────────────────────────────┐
│      DROID: graph_latency_error      │
└──────────────────────────────────────┘



┌(unnamed)─────────────────────────────┐
│                                      │
│   ╭copy────────────────╮             │
│   │                    │             │
│   ◉───────┐   ┌────────●             │
│   │       │   │        │             │
│   ╰────────────────────╯             │
│           │   │                      │
│           │   │                      │
╭clocktool───────────╮                 │
│           │   │    │                 │
│           └────────●        ╭contour─╮
│             │ │    │        │        │
╰───────╭mixer───────────────╮◉        │
│       │     │ │            ││        │
│       ◉───────┘            ●╰────────╯
│       │                    │         │
│       ╰────────────────────╯         │
│                                      │
│                                      │
╭p2b8────────────────╮                 │
│                    │                 │
│                    │                 │
│                    │                 │
╰────────────────────╯                 │
│                                      │
└──────────────────────────────────────┘




┌──────────────────────────────────────┐
│No patch loaded. Press 'l' to load. | │
└──────────────────────────────────────┘
