---
source: src/regression.rs
assertion_line: 1601
expression: ansi
---
┌──────────────────────────────────────┐
│       DROID: droid_mpfs5melody2      │
└──────────────────────────────────────┘
┌──┐┌────┐┌──┐┌───┐┌──┌──┐┐
◉ ◉…  CV …  C…  En…  C…◉◉…
0%0%│    ││  ││   ││  │00%│
│  ││    ││  ││   ││  │  ││
│  ││    ││  ││   ││  │  ││
│  ││    ││  ││   ││  │  ││
│  ││    ││  ││   ││  │  ││
│  ││    ││  ││   ││  │  ││
│  ││    ││  ││   ││  │  ││
│  ││    ││  ││   ││  │  ││
│  ││    ││  ││   ││  │  ││
│○○││    ││  ││   ││  │  ││
│……││    ││  ││   ││  │  ││
│  ││    ││  │○◉◉◉││  │  ││
│  ││    ││  │…………○│  │  ││
│○○│◀  ▶▶││  ││   ││  │  ││
│○○│…  ……││  ││   ││  │  ││
│  ││    ││  ││   ││  │  ││
│  ││    ││  ││   ││  │  ││
│  │◀  ▶▶││  ││   ││  │  ││
│○○│…  ……││  ││   ││  │  ││
│……││    ││  ││   ││  │  ││
│  ││    ││  ││   ││  │  ││
└──┘└──▶─┘└──┘└───┘└──└──┘┘
┌──────────────────────────────────────┐
│No patch loaded. Press 'l' to load. | │
└──────────────────────────────────────┘
