---
source: src/regression.rs
expression: buffer_to_ansi(&buf)
---


  ┌ File Picker ─────────────────────────────────────────────────────────────────────────────────┐
  │▶ ..                                                                                          │
  │  subdir                                                                                      │
  │  patch_a.ini                                                                                 │
  │  readme.txt                                                                                  │
  │                                                                                              │
  │                                                                                              │
  │                                                                                              │
  │                                                                                              │
  │                                                                                              │
  │                                                                                              │
  │                                                                                              │
  │                                                                                              │
  │                                                                                              │
  │                                                                                              │
  │                                                                                              │
  │                                                                                              │
  │                                                                                              │
  │                                                                                              │
  │                                                                                              │
  │                                                                                              │
  │                                                                                              │
  │                                                                                              │
  │                                                                                              │
  │                                                                                              │
  └──────────────────────────────────────────────────────────────────────────────────────────────┘
