---
source: src/regression.rs
expression: ansi
---
┌──────────────────────────────────────────────────────────────────────────────────────────────────────────────────────────────────────────────────────────────┐
│                                                                   DROID: source_navigation                                                                   │
└──────────────────────────────────────────────────────────────────────────────────────────────────────────────────────────────────────────────────────────────┘
┌ Panels ──────────────────────────────────────────────────────────────────────────────────────┐┌ Source ──────────────────────────────────────────────────────┐
│◉◉┐┌──┐┐                                                                                      ││┌ Circuits ────────┐┌ Source [raw] ───────────────────────┐┌ ┐│
│…0%  C…                                                                                       │││p2b8              ││    button = B1.1 # inline comment af││·││
││ ││  ││                                                                                      │││button            ││    led = L1.1                       ││·││
││ ││  ││                                                                                      │││button (1)        ││                                     ││█││
││ ││  ││                                                                                      │││button (2)        ││[button]  # second button, same secti││·││
││ │▶▶ ││                                                                                      │││copy              ││    button = B1.2                    ││·││
││ │…… ││                                                                                      │││copy (1)          ││    led = L1.2                       ││·││
││ ││  ││                                                                                      │││copy (2)          ││    output = _ENV1_DECAY_POT_ABSBIPOL││█││
││ ││  ││                                                                                      │││switch            ││                                     ││·││
││ │▶▶ ││                                                                                      │││switch (1)        ││[button]                             ││·││
│○○│…… ││                                                                                      │││compare           ││    button = B1.3                    ││·││
│……││  ││                                                                                      │││switch (2)        ││    led = L1.3                       ││█││
││ ││  ││                                                                                      │││math              ││    # internal variable must not be m││·││
││ │▶▶ ││                                                                                      │││copy (3)          ││    input = _ENV1_DECAY_POT * 0.5    ││·││
│○○│…… ││                                                                                      │││copy (4)          ││                                     ││·││
│○○││  ││                                                                                      │││copy (5)          ││[copy]                               ││·││
││ ││  ││                                                                                      │││copy (6)          ││    input = B1.1                     ││·││
││ │▶▶ ││                                                                                      │││copy (7)          ││    output = O1 # direct copy        ││█││
││ │…… ││                                                                                      │││switch (3)        ││                                     ││·││
│○○││  ││                                                                                      │││switch (4)        ││[copy] # repeated copy               ││·││
│……││  ││                                                                                      │││copy (8)          ││    input = B1.2                     ││·││
││ ││  ││                                                                                      │││copy (9)          ││    output = O2                      ││·││
││ ││  ││                                                                                      │││switch (5)        ││                                     ││·││
│○○││  ││                                                                                      │││                  ││[copy]                               ││·││
│○○││  ││                                                                                      │││                  ││    input = _MYVAR # internal only   ││·││
││ ││  ││                                                                                      │││                  ││    output = O3                      ││·││
││ ││  ││                                                                                      │││                  ││                                     ││·││
││ ││  ││                                                                                      │││                  ││# select forms for modifier graph (pa││·││
││ ││  ││                                                                                      │││                  ││[switch]                             ││█││
││ ││  ││                                                                                      │││                  ││    select = B1.1                    ││·││
││ ││  ││                                                                                      │││                  ││    output = O4                      ││▓││
│└─┘└──┘┘                                                                                      ││└──────────────────┘└─────────────────────────────────────┘└─┘│
└──────────────────────────────────────────────────────────────────────────────────────────────┘└──────────────────────────────────────────────────────────────┘
┌──────────────────────────────────────────────────────────────────────────────────────────────────────────────────────────────────────────────────────────────┐
│Toggled: B1.1 | SHIFT 1 ACTIVE | MOD B1.1 → 2 cells / 2 cables | Renders degraded at 160 cols — use ≥ 420 cols or reduce scale | Scale: 1.0 | Orientation: Por│
└──────────────────────────────────────────────────────────────────────────────────────────────────────────────────────────────────────────────────────────────┘
