---
source: src/regression.rs
assertion_line: 3321
expression: ansi
---
┌──────────────────────────────────────┐
│      DROID: graph_latency_chain      │
└──────────────────────────────────────┘





┌(unnamed)─────────────────────────────┐
│                                      │
│  ╭copy────────────────╮              │
│  │                    │              │
│  ◉────────┐      ┌────●              │
│  │        │      │    │              │
╭cl╰────────────────────╯              │
│           │      │ │                 │
│           └────────●            ╭cont╮
│                  │ │            │    │
╰────────────────────╯            ◉    │
│             ╭mixer──────────────│╮   │
│             │    │              ╰────╯
│             ◉────┘              └●   │
│             │                    │   │
│             ╰────────────────────╯   │
╭p2b8────────────────╮                 │
│                    │                 │
│                    │                 │
│                    │                 │
╰────────────────────╯                 │
│                                      │
└──────────────────────────────────────┘






┌──────────────────────────────────────┐
│No patch loaded. Press 'l' to load. | │
└──────────────────────────────────────┘
