---
source: src/regression.rs
expression: ansi
---
┌──────────────────────────────────────────────────────────────────────────────────────────────────┐
┌(unnamed)─────────────────────────────────────────────────────────────────────────────────────────┐
│──────────────────────────────────────────────────────────────────────────────────────────────────│
╭p2b8────────────────╮                                                                             │
│                    │                                                                             │
│                    │                                                                             │
│                    │                                                                             │
╰────────────────────╯                                                                             │
│                                                                                                  │
│                                                                                                  │
│                                                                                                  │
│                                                                                                  │
│                                                                                                  │
│                                                                                                  │
│                                                                                                  │
│                                                                                                  │
│                              ╭copy────────────────╮                                              │
│                              │                    │                                              │
│                              ◉                    ●┐                                             │
│                              │                    ││                                             │
│                              ╰────────────────────╯│                                             │
│                              │                     │                                             │
│                              │                     │                                             │
│                              │                     │╭mixer───────────────╮                       │
│                              │                     ││                    │                       │
│                              │                     └◉                    ●┐                      │
│                              │                      │                    ││ ╭contour─────────────╮
│                              │                      ╰────────────────────╯│ │                    │
│                              │                                            └─◉                    │
│                              │                                              │                    │
│                              │                                              ╰────────────────────╯
│                              │                                                                   │
│          ╭clocktool───────────╮                                                                  │
│          │                   ││                                                                  │
│          │                   └●                                                                  │
│          │                    │                                                                  │
│          ╰────────────────────╯                                                                  │
┌──────────────────────────────────────────────────────────────────────────────────────────────────┐
│No patch loaded. Press 'l' to load. | Renders degraded at 100 cols — use ≥ 290 cols or reduce scal│
└──────────────────────────────────────────────────────────────────────────────────────────────────┘
