---
source: src/regression.rs
expression: ansi
---
┌──────────────────────────────────────────────────────────────────────────────┐
│                            DROID: led_pairs_kinds                            │
└──────────────────────────────────────────────────────────────────────────────┘
┌──┐┌──┐┐
◉ ◉…  E…
0%0%│  ││
│  ││  ││
│  ││  ││
│  ││  ││
│  ││  ││
│  ││  ││
│  ││  ││
│  ││  ││
│  ││  ││
│  ││  ││
│  ││  ││
│  │○○ ││
│  │…… ││
│  ││  ││
│  ││  ││
│  ││  ││
│  ││  ││
│  ││  ││
│  ││  ││
│  ││  ││
│  ││  ││
│  ││  ││
│  ││  ││
│  ││  ││
│  ││  ││
│  ││  ││
│  ││  ││
│  ││  ││
│  ││  ││
│  ││  ││
│  ││  ││
└──┘└──┘┘
┌──────────────────────────────────────────────────────────────────────────────┐
│Loaded led_pairs_kinds | Renders degraded at 80 cols — use ≥ 132 cols or reduc│
└──────────────────────────────────────────────────────────────────────────────┘
