---
source: src/regression.rs
assertion_line: 5156
expression: ansi
---
┌──────────────────────────────────────────────────────────────────────────────────────────────────┐
│                                     DROID: optimizer_latency                                     │
└──────────────────────────────────────────────────────────────────────────────────────────────────┘




┌(unnamed)─────────────────────────────────────────────────────────────────────────────────────────┐
│                                                                                                  │
│                                                                     ╭vca─────────────────╮       │
│                                      ╭filter──────────────╮         │                    │       │
│                                      │                    │    ┌────◉             ┌──────●       │
│                                      ◉─────┐              ●────┘    │             │      │       │
│                                      │     │              │         ╰────────────────────╯       │
│                                      ╰────────────────────╯                       │              │
│                                            │                                      │              │
│                                            │                                      │              │
│                                            │                                      │              │
│                                            │                                      │              │
│                                            │                                      │              │
╭seq─────────────────╮                       │                                      │              │
│                    │                       │                                      │              │
│                    ●────┐                  │                                      │              │
│                    │    │                  │                                      │              │
╰────────────────────╯    │                  │                                ╭out─────────────────╮
│                         │    ╭mix─────────────────╮                         │     │              │
│                         │    │             │      │                         ◉─────┘              │
│                         └────◉             └──────●                         │                    │
│                              │                    │                         ╰────────────────────╯
│                              ╰────────────────────╯                                              │
│                                                                                                  │
└──────────────────────────────────────────────────────────────────────────────────────────────────┘





┌──────────────────────────────────────────────────────────────────────────────────────────────────┐
│Preview: banner (default) | latency avg 1.0 / max 1.0 (1 loop ≈ 190µs) | 0 back edge(s) | Scale: 1│
└──────────────────────────────────────────────────────────────────────────────────────────────────┘
