---
source: src/regression.rs
expression: ansi
---
┌──────────────────────────────────────────────────────────────────────────────┐
│                           DROID: source_navigation                           │
└──────────────────────────────────────────────────────────────────────────────┘
┌──┐┌──┐┐
◉ ◉…  C…
0%0%│  ││
│  ││  ││
│  ││  ││
│  ││  ││
│  │▶▶ ││
│  │…… ││
│  ││  ││
│  ││  ││
│  │▶▶ ││
│○○│…… ││
│……││  ││
│  ││  ││
│  │▶▶ ││
│○○│…… ││
│○○││  ││
│  ││  ││
│  │▶▶ ││
│  │…… ││
│○○││  ││
│……││  ││
│  ││  ││
│  ││  ││
│○○││  ││
│○○││  ││
│  ││  ││
│  ││  ││
│  ││  ││
│  ││  ││
│  ││  ││
│  ││  ││
│  ││  ││
└──┘└──┘┘
┌──────────────────────────────────────────────────────────────────────────────┐
│Loaded source_navigation | MOD B1.1 → 2 cells / 2 cables | Renders degraded at│
└──────────────────────────────────────────────────────────────────────────────┘
