---
source: src/regression.rs
expression: ansi
---
┌──────────────────────────────────────────────────────────────────────────────────────────────────────────────────────────────────────────────────────────────┐
│                                                                  DROID: cable_banner_combos                                                                  │
└─────────────────────────────────────────────────────────────────────────────────────────────────────┌Mixer─────────────────────────────────────────────────┐─┘
┌ Panels ──────────────────────────────────────────────────────────────────────────────────────┐┌ Grap│ ─────────────────────────────────────────────────────│─┐
│┌─┐┌────┐┐                                                                                    ││     │                               ╭contour─────────────╮ │ │
││ …  CV …                                                                                     ││     │                               │                    │ │ │
││ ││    ││                                                                                    ││┌(unn│med)───────────────┐    ┌──────◉──────┐             │ │ │
││ ││    ││                                                                                    │││    │                   │    │      │      │             │ │ │
││ ││    ││                                                                                    │││ ╭button──────────────╮ │    │      ╰────────────────────╯ │ │
││ ││    ││                                                                                    │││ │  │                 │ │    │             │               │ │
││ ││    ││                                                                                    │││ │  │                 ●──┐───┘             │               │ │
││ ││    ││                                                                                    │││ │  │                 │ ││                 │               │ │
││ ││    ││                                                                                    │││ ╰────────────────────╯ ││                 │               │ │
││ ││    ││                                                                                    │││    │                   ││                 │               │ │
││ ││    ││                                                                                    ││└────│───────────────────┘│                 │               │ │
││ ││    ││                                                                                    ││     │                    │                 │               │ │
││ ││    ││                                                                                    ││     │                    │                 │               │ │
││ ││    ││                                                                                    ││     │                    │                 │               │ │
││ ││  ▶ ││                                                                                    ││     │                    │                 │               │ │
││ ││  … ││                                                                                    ││     │                    │   ╭mixer───────────────╮        │ │
││ ││    ││                                                                                    ││     │                    │   │             │      │        │ │
││ ││    ││                                                                                    ││     │                    └───◉             └──────●        │ │
││ ││    ││                                                                                    ││     │                       ││                    │        │ │
││ ││    ││                                                                                    ││     │                       │╰────────────────────╯        │ │
││ ││    ││                                                                                    ││     │                       │                              │ │
││ ││    ││                                                                                    ││     │                       │                              │ │
││ ││    ││                                                                                    ││     │                       │                              │ │
││ ││    ││                                                                                    ││     │                       │                              │ │
││ ││    ││                                                                                    ││     │                       │                              │ │
││ ││    ││                                                                                    ││     │                       │                              │ │
││ ││    ││                                                                                    ││     │                       │                              │ │
││ ││    ││                                                                                    ││     │ ╭clocktool───────────╮│                              │ │
││ ││    ││                                                                                    ││     │ │                    ││                              │ │
││ ││    ││                                                                                    ││     │ │                    ●┘                              │ │
││ ││    ││                                                                                    ││     │ │                    │                               │ │
│└─┘└────┘┘                                                                                    ││     │ ╰────────────────────╯                               │ │
└──────────────────────────────────────────────────────────────────────────────────────────────┘└─────│──────────────────────────────────────────────────────│─┘
┌──────────────────────────────────────────────────────────────────────────────────────────────────────────────────────────────────────────────────────────────┐
│Loaded cable_banner_combos | Renders degraded at 160 cols — use ≥ 36 cols or reduce scale | latency avg 0.0 / max 0.0 (1 loop ≈ 190µs) | 0 back edge(s) | Scal│
└──────────────────────────────────────────────────────────────────────────────────────────────────────────────────────────────────────────────────────────────┘
