---
source: src/regression.rs
expression: ansi
---
┌──────────────────────────────────────────────────────────────────────────────────────────────────┐
│                                         DROID: arpeggio1                                         │
└──────────────────────────────────────────────────────────────────────────────────────────────────┘
┌──┐┌────┐┐
◉ ◉…  CV …
0%0%│    ││
│  ││    ││
│  ││    ││
│  ││    ││
│  ││    ││
│  ││    ││
│  ││    ││
│  ││    ││
│  ││    ││
│○○││    ││
│……││    ││
│  ││    ││
│  ││    ││
│○○│◀  ▶ ││
│○○│…  … ││
│  ││    ││
│  ││    ││
│  ││    ││
│○○││    ││
│……││    ││
│  ││    ││
└──┘└──▶─┘┘
┌──────────────────────────────────────────────────────────────────────────────────────────────────┐
│No patch loaded. Press 'l' to load. | SHIFT 1 ACTIVE | Renders degraded at 100 cols — use ≥ 228 co│
└──────────────────────────────────────────────────────────────────────────────────────────────────┘
