---
source: src/regression.rs
expression: ansi
---
┌──────────────────────────────────────────────────────────────────────────────────────────────────────────────────────┐
│                                              DROID: device_led_defaults                                              │
└──────────────────────────────────────────────────────────────────────────────────────────────────────────────────────┘
┌─────────┐┌─────┐┌─────┐
│ M4 1    │○ ○3○○2  CV I…
▯  ▯ ▯  ▯ │…○○ ○…○│     │
▯  ▯ ▯  ▯ ││     ││     │
▯  ▯ ▯  ▯ │○ ○ ○○││     │
▯  ▯ ▯  ▯ │…○○ ○…○│     │
▯  ▯ ▯  ▯ ││     ││     │
▯  ▯ ▯  ▯ ││     ││     │
▯  ▯ ▯  ▯ │○ ○ ○○││     │
▯  ▯ ▯  ▯ │…○○ ○…○│     │
▯  ▯ ▯  ▯ ││     ││     │
▯  ▯ ▯  ▯ ││     ││     │
▯  ▯ ▯  ▯ │○ ○ ○○││     │
▯  ▯ ▯  ▯ │…○○ ○…○│     │
▯  ▯ ▯  ▯ ││     ││     │
▯  ▯ ▯  ▯ ││     ││◀ ▶  │
▯  ▯ ▯  ▯ │○ ○ ○○││… …  │
▯  ▯ ▯  ▯ │…○○ ○…○│     │
▯  ▯ ▯  ▯ ││     ││     │
▯  ▯ ▯  ▯ ││     ││     │
▯  ▯ ▯  ▯ │○ ○ ○○││     │
│         │…○○ ○…○│     │
│         ││     ││     │
○  ○ ○  ○ ││     ││     │
O… O…O… O…│○ ○ ○○││     │
│         │…○○ ○…○│     │
│         ││     ││     │
│         │○ ○ ○○││     │
│         │…○○ ○…○│     │
│         ││     ││     │
○  ○ ○  ○ ││     ││     │
│         ││     ││     │
│         ││     ││     │
│         ││     ││     │
│         ││     ││     │
└─────────┘└─────┘└─────┘


















┌──────────────────────────────────────────────────────────────────────────────────────────────────────────────────────┐
│No patch loaded. Press 'l' to load. | Renders degraded at 120 cols — use ≥ 1190 cols or reduce scale | Scale: 1.0 | Or│
└──────────────────────────────────────────────────────────────────────────────────────────────────────────────────────┘
