---
source: src/regression.rs
expression: ansi
---
┌──────────────────────────────────────────────────────────────────────────────────────────────────┐
│                                         DROID: led_pairs                                         │
└──────────────────────────────────────────────────────────────────────────────────────────────────┘
┌──┐┌──┐
◉ P…  ◉…
0% ││ 0%
│  ││  │
│  ││  │
│  ││  │
│  ││  │
│  ││  │
│  ││  │
│  ││  │
│  ││  │
│  ││ ○│
│  ││  │
│  ││  │
│  ││  │
│  │○ ○│
│  │… ○│
│  ││  │
│  ││  │
│  ││  │
│  │○○○│
│  │… …│
│  ││  │
│  ││  │
│  │○ ○│
│  │…○○│
│  ││  │
│  ││  │
│  ││  │
│  ││  │
│  ││  │
│  ││  │
│  ││  │
└──┘└──┘
┌──────────────────────────────────────────────────────────────────────────────────────────────────┐
│Loaded led_pairs | Renders degraded at 100 cols — use ≥ 260 cols or reduce scale | Scale: 1.0 | Or│
└──────────────────────────────────────────────────────────────────────────────────────────────────┘
