---
source: src/regression.rs
expression: ansi
---
┌──────────────────────────────────────────────────────────────────────────────────────────────────┐
│                                            DROID: p8s8                                           │
└──────────────────────────────────────────────────────────────────────────────────────────────────┘
┌────┐
│ Fad…
▯○○○○○
▯▯▯▯▯▯
▯▯▯▯▯▯
▯▯▯▯▯▯
▯▯▯▯▯▯
▯▯▯▯▯▯
▯▯▯▯▯▯
│    │
│    │
□□□□□□
………………
│    │
│    │
│    │
│    │
│    │
│    │
│    │
│    │
│    │
│    │
│    │
│    │
│    │
│    │
│    │
│    │
│    │
│    │
│    │
│    │
│    │
│    │
└────┘








┌──────────────────────────────────────────────────────────────────────────────────────────────────┐
│No patch loaded. Press 'l' to load. | Renders degraded at 100 cols — use ≥ 274 cols or reduce scal│
└──────────────────────────────────────────────────────────────────────────────────────────────────┘
