---
source: src/regression.rs
expression: ansi
---
┌──────────────────────────────────────┐
│    DROID: graph_plugin_cable_kind    │
└──────────────────────────────────────┘




┌(unnamed)─────────────────────────────┐
│                                      │
│                  ╭vca────────────────╮
│                  │                   │
│                  ◉┐                  │
│                  ││                  │
╭plugkind──────────╰───────────────────╯
│                   ││                 │
│                   └●                 │
│                    │                 │
╰────────────────────╯                 │
│                                      │
│                                      │
│                                      │
│                                      │
│                                      │
│                                      │
│                                      │
╭p2b8────────────────╮                 │
│                    │                 │
│                    │                 │
│                    │                 │
╰────────────────────╯                 │
│                                      │
└──────────────────────────────────────┘





┌──────────────────────────────────────┐
│Loaded graph_plugin_cable_kind | Rende│
└──────────────────────────────────────┘
