---
source: src/regression.rs
expression: ansi
---
┌──────────────────────────────────────────────────────────┐
│                 DROID: optimizer_latency                 │
└─╭ Optimizer (3) · w = 0.0 (min-sum) ───────────────────╮─┘
┌─│▶ banner (default) obj 1.00 · avg 4.00→1.00 · max 4.00│
│ │   global min-sum obj 1.00 · avg 4.00→1.00 · max 4.00→│
│ │   annealing obj 1.00 · avg 4.00→1.00 · max 4.00→1.00 │
│ │                                                      │
│ │                                                      │
│ │                                                      │
│ │                                                      │
│ │                                                      │
│ │                                                      │
│ │                                                      │
│ │                                                      │
│ │                                                      │
│ │                                                      │
│ │                                                      │
│ │                                                      │
│ │                                                      │
│ │                                                      │
│ │                                                      │
│ │                                                      │
│ │                                                      │
│ │                                                      │
│ │                                                      │
│ │                                                      │
└─│                                                      │
┌─╰ j/k select · Enter preview · r restore · s export · E╯─┐
│Optimizer w = 0.0: j/k select · Enter preview · r restore │
└──────────────────────────────────────────────────────────┘
