---
source: src/regression.rs
assertion_line: 5237
expression: ansi
---
┌──────────────────────────────────────────────────────────────────────────────┐
│                         DROID: physical_multirow_rack                        │
└──────────────────────────────────────────────────────────────────────────────┘
┌──┐┌──┐┌──┐┌──┐┌──┌──┐┌──┐┌──┐┌──┐┌──┐┌──┐┌──┐┌──┐┌──┌──┐┌──┐┌────┐┐
· ·│· ·│· ·│· ·│·· │··││··││··│· ·│· ·│· ·│· ·│· ·│·· │··││··││    ││
│  ││  ││  ││  ││  │  ││  ││  ││  ││  ││  ││  ││  ││  │  ││  ││    ││
│  ││  ││  ││  ││  │  ││  ││  ││  ││  ││  ││  ││  ││  │  ││  ││    ││
│  ││  ││  ││  ││  │  ││  ││  ││  ││  ││  ││  ││  ││  │  ││  ││    ││
│  ││  ││  ││  ││  │  ││  ││  ││  ││  ││  ││  ││  ││  │  ││  ││    ││
│  ││  ││  ││  ││  │  ││  ││  ││  ││  ││  ││  ││  ││  │  ││  ││    ││
│  ││  ││  ││  ││  │  ││  ││  ││  ││  ││  ││  ││  ││  │  ││  ││    ││
│  ││  ││  ││  ││  │  ││  ││  ││  ││  ││  ││  ││  ││  │  ││  ││    ││
│  ││  ││  ││  ││  │  ││  ││  ││  ││  ││  ││  ││  ││  │  ││  ││    ││
│  ││  ││  ││  ││  │  ││  ││  ││  ││  ││  ││  ││  ││  │  ││  ││    ││
│··│···│···│···│···│···│···│··││··│···│···│···│···│···│···│···│    ││
│  ││  ││  ││  ││  │  ││  ││  ││  ││  ││  ││  ││  ││  │  ││  ││    ││
│  ││  ││  ││  ││  │  ││  ││  ││  ││  ││  ││  ││  ││  │  ││  ││    ││
│  ││  ││  ││  ││  │  ││  ││  ││  ││  ││  ││  ││  ││  │  ││  ││    ││
│··│· ·│· ·│· ·│·· │··││··││··││··│· ·│· ·│· ·│· ·│·· │··││··││◀   ││
│··││··││··││··│· ·│· ·│· ·│··││··││··││··││··││··│· ·│· ·│· ·│    ││
│  ││  ││  ││  ││  │  ││  ││  ││  ││  ││  ││  ││  ││  │  ││  ││    ││
│  ││  ││  ││  ││  │  ││  ││  ││  ││  ││  ││  ││  ││  │  ││  ││    ││
│  ││  ││  ││  ││  │  ││  ││  ││  ││  ││  ││  ││  ││  │  ││  ││    ││
│··│···│···│···│···│···│···│··││··│···│···│···│···│···│···│···│    ││
│  ││  ││  ││  ││  │  ││  ││  ││  ││  ││  ││  ││  ││  │  ││  ││    ││
│  ││  ││  ││  ││  │  ││  ││  ││  ││  ││  ││  ││  ││  │  ││  ││    ││
│  ││  ││  ││  ││  │  ││  ││  ││  ││  ││  ││  ││  ││  │  ││  ││    ││
│··│· ·│· ·│· ·│·· │··││··││··││··│· ·│· ·│· ·│· ·│·· │··││··││    ││
│··││··││··││··│· ·│· ·│· ·│··││··││··││··││··││··│· ·│· ·│· ·│    ││
│  ││  ││  ││  ││  │  ││  ││  ││  ││  ││  ││  ││  ││  │  ││  ││    ││
│  ││  ││  ││  ││  │  ││  ││  ││  ││  ││  ││  ││  ││  │  ││  ││    ││
│  ││  ││  ││  ││  │  ││  ││  ││  ││  ││  ││  ││  ││  │  ││  ││    ││
│  ││  ││  ││  ││  │  ││  ││  ││  ││  ││  ││  ││  ││  │  ││  ││    ││
│  ││  ││  ││  ││  │  ││  ││  ││  ││  ││  ││  ││  ││  │  ││  ││    ││
│  ││  ││  ││  ││  │  ││  ││  ││  ││  ││  ││  ││  ││  │  ││  ││    ││
│  ││  ││  ││  ││  │  ││  ││  ││  ││  ││  ││  ││  ││  │  ││  ││    ││
│  ││  ││  ││  ││  │  ││  ││  ││  ││  ││  ││  ││  ││  │  ││  ││    ││
│  ││  ││  ││  ││  │  ││  ││  ││  ││  ││  ││  ││  ││  │  ││  ││    ││
└──┘└──┘└──┘└──┘└──└──┘└──┘└──┘└──┘└──┘└──┘└──┘└──┘└──└──┘└──┘└────┘┘




























┌──────────────────────────────────────────────────────────────────────────────┐
│No patch loaded. Press 'l' to load. | Renders degraded at 80 cols — use ≥ 310 │
└──────────────────────────────────────────────────────────────────────────────┘
