---
source: src/regression.rs
expression: ansi
---
┌──────────────────────────────────────────────────────────────────────────────────────────────────┐
│               ┌(unnamed)────────────────────────────────────────────────────────┐                │
└───────────────│─────────────────────────────────────────────────────────────────│────────────────┘
                │                                          ╭contour─────────────╮ │
                │                                          │                    │ │
                │                                ┌─────────◉───┐                │ │
                │ ╭button──────────────╮         │         │   │                │ │
                │ │                    │         │         ╰────────────────────╯ │
                │ │                    ●──┐──────┘             │                  │
                │ │                    │  │                    │                  │
                │ ╰────────────────────╯  │                    │                  │
                │                         │                    │                  │
                │                         │                    │                  │
                │                         │                    │                  │
                │                         │                    │                  │
                │                         │                    │                  │
                │                         │                    │                  │
                │                         │                    │                  │
                │                         │                    │                  │
                │                         │                    │                  │
                │                         │                    │                  │
                │                         │   ╭lfo─────────────────╮              │
                │                         │   │                │   │              │
                │                         └───◉                └───●              │
                │                             │                    │              │
                │                             ╰────────────────────╯              │
                │                                                                 │
                │                                                                 │
                │                                                                 │
                │                                                                 │
                │                                                                 │
                │                                                                 │
                │       ╭p2b8────────────────╮                                    │
                │       │                    │                                    │
                │       │                    │                                    │
                │       │                    │                                    │
                │       ╰────────────────────╯                                    │
┌──────────────────────────────────────────────────────────────────────────────────────────────────┐
│Loaded graph_latency_backedge | Renders degraded at 100 cols — use ≥ 290 cols or reduce scale | la│
└──────────────────────────────────────────────────────────────────────────────────────────────────┘
