---
source: src/regression.rs
expression: ansi
---
┌──────────────────────────────────────┐
┌(unnamed)─────────────────────────────┐
│──────────────────────────────────────│
│           ╭copy────────────────╮     │
╭p2b8────────────────╮           │     │
│           ◉────────│           │     │
│           │        │           │     │
│           ╰────────│───────────╯     │
╰────────────────────╯                 │
│                    │                 │
│                    │                 │
│                    │                 │
│                    │                 │
│                    │                 │
│                    │                 │
│                 ╭mixer───────────────╮
│                 │  │                 │
│                 ◉─────┐              │
│                 │  │  │              │
│        ╭clocktoo╰────────────────────╯
│        │           │  │     │        │
│        │           └──└─────●        │
│        │            │       │        │
│        ╰────────────────────╯        │
│                     │                │
│                     │                │
│                     │                │
│                     │                │
│                     │                │
│                     │                │
│                     │                │
│                     │                │
│              ╭contour─────────────╮  │
│              │      │             │  │
│              ◉──────┘             │  │
│              │                    │  │
│              ╰────────────────────╯  │
┌──────────────────────────────────────┐
│No patch loaded. Press 'l' to load. | │
└──────────────────────────────────────┘
