---
source: src/regression.rs
assertion_line: 3791
expression: ansi
---
┌──────────────────────────────────────────────────────────────────────────────┐
│                              DROID: switch_value                             │
└──────────────────────────────────────────────────────────────────────────────┘
┌────┐
│ Fad…
│    │
│    │
│    │
│    │
│    │
│    │
│    │
│    │
│    │
◉▣   │
……   │
│    │
│    │
│    │
│    │
│    │
│    │
│    │
│    │
│    │
│    │
└────┘
┌──────────────────────────────────────────────────────────────────────────────┐
│No patch loaded. Press 'l' to load. | Scale: 1.0 | Orientation: Portrait      │
└──────────────────────────────────────────────────────────────────────────────┘
