---
source: src/regression.rs
expression: ansi
---
┌──────────────────────────────────────────────────────────────────────────────────────────────────┐
┌(unnamed)─────────────────────────────────────────────────────────────────────────────────────────┐
│──────────────────────────────────────────────────────────────────────────────────────────────────│
╭seq─────────────────╭mix─────────────────╭filter─────────────╭vca────────────────╭out─────────────╮
│                    │                    │                   ││                  ││               │
│                    ◉                    ◉                   ◉●                  ◉●               │
│                    │                    │                   ││                  ││               │
╰────────────────────╰────────────────────╰───────────────────╰───────────────────╰────────────────╯
│                                                                                                  │
└──────────────────────────────────────────────────────────────────────────────────────────────────┘



























┌──────────────────────────────────────────────────────────────────────────────────────────────────┐
│Preview: banner (default) | latency avg 1.0 / max 1.0 (1 loop ≈ 190µs) | 0 back edge(s) | Scale: 1│
└──────────────────────────────────────────────────────────────────────────────────────────────────┘
