---
source: src/regression.rs
assertion_line: 2957
expression: ansi
---
┌──────────────────────────────────────────────────────────────────────────────┐
│                               DROID: arpeggio1                               │
└──────────────────────────────────────────────────────────────────────────────┘
┌ P2B8 ────────────────────────────────────────────────────────────────────────┐
│┌ ○ [DIR] Direc┐┌ ○ [PNG] Enabl┐┌ ○ [FLY] Switc┐┌ ○ [OCT] Set o┐              │
││     OFF ○    ││     OFF ○    ││     OFF ○    ││     OFF ○    │              │
│└──────────────┘└──────────────┘└──────────────┘└──────────────┘              │
│┌ ○ [DRP] When ┐┌ ○ [STA] Enfor┐┌ ○ [TRI] Switc┐┌ ○ [MIN] Switc┐              │
││     OFF ○    ││     OFF ○    ││     OFF ○    ││     OFF ○    │              │
│└──────────────┘└──────────────┘└──────────────┘└──────────────┘              │
│◉ [SPE] Speed of◉ [PAT] Arpeggio                                              │
│       0%              0%                                                     │
│                                                                              │
└──────────────────────────────────────────────────────────────────────────────┘
┌ CV I/O ──────────────────────────────────────────────────────────────────────┐
│← [ENV] envelope→ [CLK] optional← [CLK] internal← [V/O] pitch (V              │
│     CV OUT           CV IN          CV OUT          CV OUT                   │
│                                                                              │
└──────────────────────────────────────────────────────────────────────────────┘








┌──────────────────────────────────────────────────────────────────────────────┐
│No patch loaded. Press 'l' to load. | PROCESSING PAUSED | Scale: 1.0 | Orienta│
└──────────────────────────────────────────────────────────────────────────────┘
