---
source: src/regression.rs
assertion_line: 6062
expression: ansi
---
┌──────────────────────────────────────────────────────────────────────────────────────────────────┐
│                                            DROID: db8e                                           │
└──────────────────────────────────────────────────────────────────────────────────────────────────┘
┌───┐
│ Db…
││…││
││ ││
││ ││
││ ││
││ ││
││ ││
○│○││
…└…┘│
│   │
│   │
│   │
○ ○ │
… …◉○
│  …│
│   │
│   │
○ ○ │
… … │
│   │
│   │
│   │
○ ○ │
… … │
│   │
│   │
│   │
│   │
│   │
│   │
│   │
│   │
│   │
│   │
└───┘








┌──────────────────────────────────────────────────────────────────────────────────────────────────┐
│No patch loaded. Press 'l' to load. | Renders degraded at 100 cols — use ≥ 146 cols or reduce scal│
└──────────────────────────────────────────────────────────────────────────────────────────────────┘
