---
source: src/regression.rs
expression: ansi
---
┌──────────────────────────────────────────────────────────────────────────────────────────────────────────────────────┐
│                                          DROID: modifier_switch_passthrough                                          │
└──────────────────────────────────────────────────────────────────────────────────────────────────────────────────────┘
┌ Panels ──────────────────────────────────────────────────────────────┐┌ Source ──────────────────────────────────────┐
│┌ P2B8 ──────────────────────────────────────────────────────────────┐││┌ Circuits ────────┐┌ Source [raw] ───────┐┌ ┐│
││     ○ B1.1          ○ L1.1          ○ B1.2          ○ L1.2         ││││p2b8              ││# modifier_switch_pas││·││
││       OFF             OFF             OFF             OFF          ││││button            ││# Exercises direct co││·││
││     ○ B1.3          ○ L1.3          ○ B1.4          ○ L1.4         ││││copy              ││# copy chains, leaf t││·││
││     ○ B1.5          ○ L1.5          ○ B1.6          ○ L1.6         ││││clocktool         ││                     ││·││
││       OFF             OFF             OFF             OFF          ││││copy (1)          ││[p2b8]               ││·││
││     ○ B1.7          ○ L1.7          ○ B1.8          ○ L1.8         ││││contour           ││                     ││·││
││     ◉ P1.1          ◉ P1.2                                         ││││copy (2)          ││# HW -> VAR derivatio││·││
││       0%              0%                                           ││││copy (3)          ││[button]             ││·││
│└────────────────────────────────────────────────────────────────────┘│││contour (1)       ││    button = B1.1    ││·││
│┌ CV I/O ────────────────────────────────────────────────────────────┐│││switch            ││    output = _TRIG   ││·││
││    ← Copy O1    ← Quantizer O2    ← Switch O4                      ││││quantizer         ││                     ││·││
││     CV OUT          CV OUT          CV OUT                         ││││mixer             ││[copy]               ││·││
││                                                                    ││││contour (2)       ││    input = B1.1     ││·││
│└────────────────────────────────────────────────────────────────────┘││└──────────────────┘└─────────────────────┘└─┘│
└──────────────────────────────────────────────────────────────────────┘└──────────────────────────────────────────────┘
┌ Graph FULL ──────────────────────────────────────────────┐┌ Graph FILTERED ──────────────────────────────────────────┐
│╭copy 3──────────────╮─╮─────────────────────────────────┐││                   No influence selected                  │
││ │╭copy 5──────────────╮                                │││                                                          │
││ ││                 │ ││         ╭b╭led─────────────────╮││                                                          │
││╭c│ntour 3───────────╮╮│         │ │                  │ │││                                                          │
│╰│││─────────────────╯│││         │╭◉witch──────────────╮│││                                                          │
││││╰────────────────────╯╮        ╭││quantizer───────────│││                                                          │
│╭copy 7──────────────╮╮│ │       ╭c╭╰────────────────────╯││                                                          │
│││─╭switch 1────────────╮│       │╭╭logic───────────────╮│││                                                          │
│││ │╭contour 1───────││─│╮       ││││───────────────────││││                                                          │
│││c││y 2─────────────││─││       │◉◉╰───────────────────●╯││                                                          │
│╰──│─────────────────╯╯╮││       ╰││────────────────────││││                                                          │
││││╰────────────────────╯│        ╰╰────────────────────╯│││                                                          │
││││ ╰──────────────────│─╯                               │││                                                          │
││╰│───────────────────╯│                                 │││                                                          │
│└─╰────────────────────╯─────────────────────────────────┘││                                                          │
└──────────────────────────────────────────────────────────┘└──────────────────────────────────────────────────────────┘
┌──────────────────────────────────────────────────────────────────────────────────────────────────────────────────────┐
│Quad [Tab] focus: Panels | Modifier: no modifier | Esc close | Tab cycle                                              │
└──────────────────────────────────────────────────────────────────────────────────────────────────────────────────────┘
