---
source: src/regression.rs
expression: ansi
---
┌──────────────────────────────────────────────────────────────────────────────────────────────────────────────────────────────────────────────────────────────┐
│                                                                   DROID: source_navigation                                                                   │
└──────────────────────────────────────────────────────────────────────────────────────────────────────────────────────────────────────────────────────────────┘
┌ Panels ──────────────────────────────────────────────────────────────────────────────────────┐┌ Source ──────────────────────────────────────────────────────┐
│◉◉┐┌──┐┐                                                                                      ││┌ Circuits ────────┐┌ Source [raw] ───────────────────────┐┌ ┐│
│…0%  C…                                                                                       │││p2b8              ││# fixtures/source_navigation.ini — sp││·││
││ ││  ││                                                                                      │││button            ││# whole-line comment at top, followed││·││
││ ││  ││                                                                                      │││button (1)        ││                                     ││·││
││ ││  ││                                                                                      │││button (2)        ││[p2b8] # inline comment after header ││·││
││ │▶▶ ││                                                                                      │││copy              ││                                     ││·││
││ │…… ││                                                                                      │││copy (1)          ││# repeated button sections, each with││·││
││ ││  ││                                                                                      │││copy (2)          ││[button]                             ││·││
││ ││  ││                                                                                      │││switch            ││    button = B1.1 # inline comment af││·││
││ │▶▶ ││                                                                                      │││switch (1)        ││    led = L1.1                       ││·││
│○○│…… ││                                                                                      │││compare           ││                                     ││·││
│……││  ││                                                                                      │││switch (2)        ││[button]  # second button, same secti││·││
││ ││  ││                                                                                      │││math              ││    button = B1.2                    ││·││
││ │▶▶ ││                                                                                      │││copy (3)          ││    led = L1.2                       ││·││
│○○│…… ││                                                                                      │││copy (4)          ││    output = _ENV1_DECAY_POT_ABSBIPOL││·││
│○○││  ││                                                                                      │││copy (5)          ││                                     ││·││
││ ││  ││                                                                                      │││copy (6)          ││[button]                             ││·││
││ │▶▶ ││                                                                                      │││copy (7)          ││    button = B1.3                    ││·││
││ │…… ││                                                                                      │││switch (3)        ││    led = L1.3                       ││·││
│○○││  ││                                                                                      │││switch (4)        ││    # internal variable must not be m││·││
│……││  ││                                                                                      │││copy (8)          ││    input = _ENV1_DECAY_POT * 0.5    ││·││
││ ││  ││                                                                                      │││copy (9)          ││                                     ││·││
││ ││  ││                                                                                      │││switch (5)        ││[copy]                               ││·││
│○○││  ││                                                                                      │││                  ││    input = B1.1                     ││·││
│○○││  ││                                                                                      │││                  ││    output = O1 # direct copy        ││·││
││ ││  ││                                                                                      │││                  ││                                     ││·││
││ ││  ││                                                                                      │││                  ││[copy] # repeated copy               ││·││
││ ││  ││                                                                                      │││                  ││    input = B1.2                     ││·││
││ ││  ││                                                                                      │││                  ││    output = O2                      ││·││
││ ││  ││                                                                                      │││                  ││                                     ││·││
││ ││  ││                                                                                      │││                  ││[copy]                               ││·││
│└─┘└──┘┘                                                                                      ││└──────────────────┘└─────────────────────────────────────┘└─┘│
└──────────────────────────────────────────────────────────────────────────────────────────────┘└──────────────────────────────────────────────────────────────┘
┌──────────────────────────────────────────────────────────────────────────────────────────────────────────────────────────────────────────────────────────────┐
│Shift 1 active | SHIFT 1 ACTIVE | Renders degraded at 160 cols — use ≥ 420 cols or reduce scale | Scale: 1.0 | Orientation: Portrait                          │
└──────────────────────────────────────────────────────────────────────────────────────────────────────────────────────────────────────────────────────────────┘
