---
source: src/regression.rs
expression: ansi
---
┌──────────────────────────────────────────────────────────────────────────────────────────────────┐
│              ┌(unnamed)──────────────────────────────────────────────────────────┐               │
└──────────────│───────────────────────────────────────────────────────────────────│───────────────┘
               │     ╭clocktool───────────╮                                        │
               │     │                    │                 ╭copy────────────────╮ │
               │     │              ┌─────●───┐────┐        │                    │ │
               │     │              │     │   │    └────────◉                    │ │
               │     ╰────────────────────╯   │             │                    │ │
               │                    │         │             ╰────────────────────╯ │
               │                    │         │                                    │
               │                    │         │                                    │
               │                    │         │                                    │
               │                    │         │                                    │
               │                    │         │                                    │
               │                    │         │                                    │
               │                    │         │                                    │
               │                    │         │   ╭mixer───────────────╮           │
               │                    │         │   │                    │           │
               │                    │         └───◉                    │           │
               │                    │             │                    │           │
               │                    │             ╰────────────────────╯           │
               │                    │                                              │
               │               ╭contour─────────────╮                              │
               │               │    │               │                              │
               │               ◉────┘               │                              │
               │               │                    │                              │
               │               ╰────────────────────╯                              │
               │                                                                   │
               │                                                                   │
               │                                                                   │
               │                                                                   │
               │                                                                   │
               │ ╭p2b8────────────────╮                                            │
               │ │                    │                                            │
               │ │                    │                                            │
               │ │                    │                                            │
               │ ╰────────────────────╯                                            │
┌──────────────────────────────────────────────────────────────────────────────────────────────────┐
│Loaded graph_latency_fanout | Renders degraded at 100 cols — use ≥ 290 cols or reduce scale | late│
└──────────────────────────────────────────────────────────────────────────────────────────────────┘
