---
source: src/regression.rs
expression: ansi
---
┌──────────────────────────────────────────────────────────────────────────────────────────────────────────────────────┐
│                                          DROID: modifier_switch_passthrough                                          │
└──────────────────────────────────────────────────────────────────────────────────────────────────────────────────────┘
┌ Panels ──────────────────────────────────────────────────────────────┐┌ Source ──────────────────────────────────────┐
│◉◉┐┌────┐┐                                                            ││┌ Circuits ────────┐┌ Source [raw] ───────┐┌ ┐│
│…0%  CV …                                                             │││p2b8              ││    button = B1.1    ││·││
││ ││    ││                                                            │││button            ││    output = _TRIG   ││█││
││ ││    ││                                                            │││copy              ││                     ││·││
││ ││    ││                                                            │││clocktool         ││[copy]               ││·││
││ ││    ││                                                            │││copy (1)          ││    input = B1.1     ││·││
││ ││    ││                                                            │││contour           ││    output = _EXTRA  ││·││
││ ││    ││                                                            │││copy (2)          ││                     ││▓││
││ ││    ││                                                            │││copy (3)          ││[clocktool]          ││·││
││ ││    ││                                                            │││contour (1)       ││    output = _BASE   ││·││
│○○││    ││                                                            │││switch            ││                     ││·││
│……││    ││                                                            │││quantizer         ││# direct consumption:││·││
││ ││    ││                                                            │││mixer             ││[copy]               ││·││
││ ││    ││                                                            │││contour (2)       ││    input = _BASE    ││▓││
│○○┘└──▶─┘┘                                                            ││└──────────────────┘└─────────────────────┘└─┘│
└──────────────────────────────────────────────────────────────────────┘└──────────────────────────────────────────────┘
┌ Graph FULL ──────────────────────────────────────────────┐┌ Graph FILTERED ──────────────────────────────────────────┐
│                                                          ││        ┌(unname╭copy─╭quantizer───────────╮────┐         │
│                                                          ││        │   ╭copy─────│──────────╮   │     │    │         │
│                                                          ││        │   │   │ ╭swi◉ch╭mixer───────────────╮ │         │
│                                                          ││        │   │   │ │   │  │    │  │   │ │   │  │ │         │
│                                                          ││        │ ╭cont╭logic───╭led─────────────────╮│ │         │
│                                                          ││        │ │ ╰──│──│─│───││─────│─╯  │  │ │   ││ │         │
│                                                          ││        │ │ ╭contour─────────────╮─────────╮─│╯ │         │
│                                                          ││        │ │ │  │  ╭copy────────────────╮ │ │ │  │         │
│                                                          ││        │ ╰─│─╭copy────────────────╮─────────╮  │         │
│                                                          ││        │   │ │   │   │ │        │ │   │   │ │  │         │
│                                                          ││        │   ╰─│───│╭switch──────────────╮──╯ │  │         │
│                                                          ││        │     │   ╰│────│──────────│───╯│    │  │         │
│                                                          ││        │     ╰────│───────────────╯────│────╯  │         │
│                                                          ││        │          │                    │       │         │
│                                                          ││        └──────────╰────────────────────╯───────┘         │
└──────────────────────────────────────────────────────────┘└──────────────────────────────────────────────────────────┘
┌──────────────────────────────────────────────────────────────────────────────────────────────────────────────────────┐
│Quad [Tab] focus: Panels | Modifier: _EXTRA | Esc close | Tab cycle                                                   │
└──────────────────────────────────────────────────────────────────────────────────────────────────────────────────────┘
