---
source: src/regression.rs
expression: ansi
---
┌──────────────────────────────────────────────────────────────────────────────────────────────────┐
┌(unnamed)─────────────────────────────────────────────────────────────────────────────────────────┐
│──────────────────────────────────────────────────────────────────────────────────────────────────│
│                                                 ╭copy────────────────╮                           │
╭p2b8────────────────╮                            │                    │                           │
│                    │                            ◉────┐               │                           │
│                    │                            │    │               │                           │
│                    │                            ╰────────────────────╯                           │
╰────────────────────╯                                 │                                           │
│                                                      │                                           │
│                                                      │                                           │
│                                                      │                                           │
│                                                      │                                           │
│                                                      │                                           │
│                                                      │                                           │
│                                                      │                      ╭mixer───────────────╮
│                                                      │                      │                    │
│                                                      │             ┌────────◉                    │
│                                                      │             │        │                    │
│                                      ╭clocktool───────────╮        │        ╰────────────────────╯
│                                      │               │    │        │                             │
│                                      │               └────●────────┘                             │
│                                      │                    │ │                                    │
│                                      ╰────────────────────╯ │                                    │
│                                                             │                                    │
│                                                             │                                    │
│                                                             │                                    │
│                                                             │                                    │
│                                                             │                                    │
│                                                             │                                    │
│                                                             │                                    │
│                                                             │                                    │
│                                                             │  ╭contour─────────────╮            │
│                                                             │  │                    │            │
│                                                             └──◉                    │            │
│                                                                │                    │            │
│                                                                ╰────────────────────╯            │
┌──────────────────────────────────────────────────────────────────────────────────────────────────┐
│No patch loaded. Press 'l' to load. | Renders degraded at 100 cols — use ≥ 290 cols or reduce scal│
└──────────────────────────────────────────────────────────────────────────────────────────────────┘
