---
source: src/regression.rs
expression: ansi
---
┌──────────────────────────────────────────────────────────────────────────────────────────────────┐
┌(unnamed)─────────────────────────────────────────────────────────────────────────────────────────┐
│──────────────────────────────────────────────────────────────────────────────────────────────────│
│                                       ╭mixer───────────────╮                                     │
│                                       │                    │                                     │
│                             ┌─────────◉────┐               ●───────┐                             │
│                             │         │    │               │       │                             │
╭clocktool───────────╮        │         ╰────────────────────╯       │                             │
│                    │        │              │                       │                             │
│                    ●───┐────┘              │                       │                             │
│                    │   │                   │                       │        ╭contour─────────────╮
╰────────────────────╯   │                   │                       │        │                    │
│                        │                   │                       └────────◉                    │
│                        │                   │                                │                    │
│                        │                   │                                ╰────────────────────╯
│                        │                   │                                                     │
│                        │                   │                                                     │
│                        │                   │                                                     │
│                        │                   │                                                     │
│                        │                   │                                                     │
│                        │                   │                                                     │
│                        │                   │                                                     │
│                        │    ╭copy────────────────╮                                               │
│                        │    │              │     │                                               │
│                        └────◉              └─────●                                               │
│                             │                    │                                               │
│                             ╰────────────────────╯                                               │
│                                                                                                  │
│                                                                                                  │
│                                                                                                  │
│                                                                                                  │
│            ╭p2b8────────────────╮                                                                │
│            │                    │                                                                │
│            │                    │                                                                │
│            │                    │                                                                │
│            ╰────────────────────╯                                                                │
│                                                                                                  │
┌──────────────────────────────────────────────────────────────────────────────────────────────────┐
│Loaded graph_latency_error | Renders degraded at 100 cols — use ≥ 290 cols or reduce scale | laten│
└──────────────────────────────────────────────────────────────────────────────────────────────────┘
