---
source: src/regression.rs
expression: ansi
---
┌──────────────────────────────────────────────────────────────────────────────────────────────────────────────────────┐
│                                               DROID: source_navigation                                               │
└──────────────────────────────────────────────────────────────────────────────────────────────────────────────────────┘
┌ P2B8 ────────────────────────────────────────────────────────────────────────────────────────────────────────────────┐
│┌ ○ B1.1 ──────┐┌ ○ B1.2 ──────┐┌ ○ B1.3 ──────┐     ○ B1.4          ○ L1.4          ○ B1.5          ○ L1.5           │
││     OFF ○    ││     OFF ○    ││     OFF ○    │       OFF             OFF             OFF             OFF            │
│└──────────────┘└──────────────┘└──────────────┘                                                                      │
│     ○ B1.6          ○ L1.6          ○ B1.7          ○ L1.7          ○ B1.8          ○ L1.8          ◉ P1.1           │
│       OFF             OFF             OFF             OFF             OFF             OFF             0%             │
│                                                                                                                      │
│     ◉ P1.2                                                                                                           │
│       0%                                                                                                             │
│                                                                                                                      │
└──────────────────────────────────────────────────────────────────────────────────────────────────────────────────────┘
┌ CV I/O ──────────────────────────────────────────────────────────────────────────────────────────────────────────────┐
│    ← Copy O1       ← Copy O2       ← Copy O3      ← Switch O4     ← Switch O5     ← Switch O6      ← Copy O7         │
│     CV OUT          CV OUT          CV OUT          CV OUT          CV OUT          CV OUT          CV OUT           │
│                                                                                                                      │
│    ← Copy O8      ← Switch O9    ← Switch O10    ← Switch O11                                                        │
│     CV OUT          CV OUT          CV OUT          CV OUT                                                           │
│                                                                                                                      │
└──────────────────────────────────────────────────────────────────────────────────────────────────────────────────────┘















┌──────────────────────────────────────────────────────────────────────────────────────────────────────────────────────┐
│No patch loaded. Press 'l' to load. | MOD B1.1 → 2 cells / 2 cables | Scale: 1.0 | Orientation: Portrait              │
└──────────────────────────────────────────────────────────────────────────────────────────────────────────────────────┘
