---
source: src/regression.rs
expression: ansi
---
┌──────────────────────────────────────────────────────────────────────────────────────────────────────────────────────┐
│                                               DROID: source_navigation                                               │
└──────────────────────────────────────────────────────────────────────────────────────────────────────────────────────┘
┌ P2B8 ────────────────────────────────────────────────────────────────────────────────────────────────────────────────┐
│┌ ○ Button B1.1┐┌ ○ Button B1.2┐┌ ○ Button B1.3┐  ○ Button B1.4    ○ LED L1.4     ○ Button B1.5    ○ LED L1.5         │
││     OFF ○    ││     OFF ○    ││     OFF ○    │       OFF             OFF             OFF             OFF            │
│└──────────────┘└──────────────┘└──────────────┘                                                                      │
│  ○ Button B1.6    ○ LED L1.6     ○ Button B1.7    ○ LED L1.7     ○ Button B1.8    ○ LED L1.8      ◉ Pot P1.1         │
│       OFF             OFF             OFF             OFF             OFF             OFF             0%             │
│                                                                                                                      │
│   ◉ Pot P1.2                                                                                                         │
│       0%                                                                                                             │
│                                                                                                                      │
└──────────────────────────────────────────────────────────────────────────────────────────────────────────────────────┘
┌ CV I/O ──────────────────────────────────────────────────────────────────────────────────────────────────────────────┐
│   ← Output O1     ← Output O2     ← Output O3     ← Output O4     ← Output O5     ← Output O6     ← Output O7        │
│     CV OUT          CV OUT          CV OUT          CV OUT          CV OUT          CV OUT          CV OUT           │
│                                                                                                                      │
│   ← Output O8     ← Output O9    ← Output O10    ← Output O11                                                        │
│     CV OUT          CV OUT          CV OUT          CV OUT                                                           │
│                                                                                                                      │
└──────────────────────────────────────────────────────────────────────────────────────────────────────────────────────┘















┌──────────────────────────────────────────────────────────────────────────────────────────────────────────────────────┐
│No patch loaded. Press 'l' to load. | MOD B1.1 → 2 cells / 2 cables | Renders degraded at 120 cols — use ≥ 420 cols or│
└──────────────────────────────────────────────────────────────────────────────────────────────────────────────────────┘
