---
source: src/regression.rs
expression: ansi
---
┌──────────────────────────────────────────────────────────────────────────────────────────────────┐
│                                            DROID: p4b2                                           │
└──────────────────────────────────────────────────────────────────────────────────────────────────┘
┌──┐
◉ ◉…
0%0%
│  │
│  │
│  │
◉ ◉│
0%0%
│  │
│  │
│  │
│  │
│  │
│  │
│○○│
│……│
│  │
│  │
│  │
│  │
│  │
│  │
│  │
│  │
│  │
│  │
│  │
│  │
│  │
│  │
│  │
│  │
│  │
│  │
│  │
└──┘








┌──────────────────────────────────────────────────────────────────────────────────────────────────┐
│Loaded p4b2 | Renders degraded at 100 cols — use ≥ 98 cols or reduce scale | Scale: 1.0 | Orientat│
└──────────────────────────────────────────────────────────────────────────────────────────────────┘
