---
source: src/regression.rs
expression: ansi
---
┌──────────────────────────────────────────────────────────────────────────────────────────────────┐
┌(unnamed)─────────────────────────────────────────────────────────────────────────────────────────┐
│──────────────────────────────────────────────────────────────────────────────────────────────────│
│                                                        ╭vca─────────────────╮                    │
│                                                        │                    │                    │
│                                                        ◉                    ●                    │
│                                                        │                    │                    │
│                                                        ╰────────────────────╯                    │
│                                                        │                    │                    │
│                                    ╭filter──────────────╮                   │                    │
│                                    │                   ││                   │                    │
│                                    ◉─┐                 └●                   │                    │
│                                    │ │                  │                   │                    │
│                                    ╰────────────────────╯                   │                    │
│                                      │                                      │                    │
│                                      │                                      │                    │
│                                      │                                      │                    │
│                                      │                                      ╭out─────────────────╮
│                                      │                                      │                    │
│                                      │                                      ◉                    │
│                                      │                                      │                    │
│                                      │                                      ╰────────────────────╯
│                                      │                                                           │
│                                      │                                                           │
│                                      │                                                           │
│                                      │                                                           │
│                                      │                                                           │
│                                      │                                                           │
│                                      │                                                           │
╭seq─────────────────╮                 │                                                           │
│                    │                 │                                                           │
│                   ┌●                 │                                                           │
│                   ╭mix─────────────────╮                                                         │
╰───────────────────│╯                 │ │                                                         │
│                   ◉                  └─●                                                         │
│                   │                    │                                                         │
│                   ╰────────────────────╯                                                         │
┌──────────────────────────────────────────────────────────────────────────────────────────────────┐
│Preview: banner (default) | Renders degraded at 100 cols — use ≥ 36 cols or reduce scale | latency│
└──────────────────────────────────────────────────────────────────────────────────────────────────┘
