---
source: src/regression.rs
expression: ansi
---
┌──────────────────────────────────────────────────────────────────────────────────────────────────┐
┌(unnamed)─────────────────────────────────────────────────────────────────────────────────────────┐
│──────────────────────────────────────────────────────────────────────────────────────────────────│
╭seq─────────────────╭mix─────────────────╭filter─────────────╭vca────────────────╭out─────────────╮
│                    │                    │                   ││                  ││               │
│                    ◉                    ◉                   ◉●                  ◉●               │
│                    │                    │                   ││                  ││               │
╰────────────────────╰────────────────────╰───────────────────╰───────────────────╰────────────────╯
│                                                                                                  │
└──────────────────────────────────────────────────────────────────────────────────────────────────┘



























┌──────────────────────────────────────────────────────────────────────────────────────────────────┐
│Preview: banner (default) | Renders degraded at 100 cols — use ≥ 36 cols or reduce scale | latency│
└──────────────────────────────────────────────────────────────────────────────────────────────────┘
