---
source: src/regression.rs
assertion_line: 3873
expression: ansi
---
┌──────────────────────────────────────────────────────────────────────────────┐
│                               DROID: arpeggio1                               │
└──────────────────────────────────────────────────────────────────────────────┘
┌──┐┌────┐┐
◉ ◉…  CV …
0%0%│    ││
│  ││    ││
│  ││    ││
│  ││    ││
│  ││    ││
│  ││    ││
│  ││    ││
│  ││    ││
│  ││    ││
│○○││    ││
│……││    ││
│  ││    ││
│  ││    ││
│○○│◀  ▶ ││
│○○│…  … ││
│  ││    ││
│  ││    ││
│  ││    ││
│○○││    ││
│……││    ││
│  ││    ││
└──┘└──▶─┘┘
┌──────────────────────────────────────────────────────────────────────────────┐
│No patch loaded. Press 'l' to load. | PROCESSING PAUSED | Renders degraded at │
└──────────────────────────────────────────────────────────────────────────────┘
