---
source: src/regression.rs
expression: ansi
---
┌──────────────────────────────────────────────────────────────────────────────────────────────────────────────────────┐
│                                                   DROID: arpeggio1                                                   │
└──────────────────────────────────────────────────────────────────────────────────────────────────────────────────────┘
┌──┐┌────┐┐
◉ ◉…  CV …
0%0%│    ││
│  ││    ││
│  ││    ││
│  ││    ││
│  ││    ││
│  ││    ││
│  ││    ││
│  ││    ││
│  ││    ││
│○○││    ││
│……││    ││
│  ││    ││
│  ││    ││
│○○│◀  ▶ ││
│○○│…  … ││
│  ││    ││
│  ││    ││
│  ││    ││
│○○││    ││
│……││    ││
│  ││    ││
└──┘└──▶─┘┘
┌──────────────────────────────────────────────────────────────────────────────────────────────────────────────────────┐
│No patch loaded. Press 'l' to load. | PROCESSING PAUSED | Renders degraded at 120 cols — use ≥ 228 cols or reduce scal│
└──────────────────────────────────────────────────────────────────────────────────────────────────────────────────────┘
