---
source: src/regression.rs
expression: ansi
---
┌───────────────┐
│ DROID: droid_m│
└───────────────┘
┌─────────┐┌────┐
│ M4 1    ││ M4 2
▯  ▯ ▯  ▯ │▯  ▯ ▯
▯  ▯ ▯  ▯ │▯  ▯ ▯
▯  ▯ ▯  ▯ │▯  ▯ ▯
▯  ▯ ▯  ▯ │▯  ▯ ▯
▯  ▯ ▯  ▯ │▯  ▯ ▯
▯  ▯ ▯  ▯ │▯  ▯ ▯
▯  ▯ ▯  ▯ │▯  ▯ ▯
▯  ▯ ▯  ▯ │▯  ▯ ▯
▯  ▯ ▯  ▯ │▯  ▯ ▯
▯  ▯ ▯  ▯ │▯  ▯ ▯
▯  ▯ ▯  ▯ │▯  ▯ ▯
▯  ▯ ▯  ▯ │▯  ▯ ▯
▯  ▯ ▯  ▯ │▯  ▯ ▯
▯  ▯ ▯  ▯ │▯  ▯ ▯
▯  ▯ ▯  ▯ │▯  ▯ ▯
▯  ▯ ▯  ▯ │▯  ▯ ▯
▯  ▯ ▯  ▯ │▯  ▯ ▯
▯  ▯ ▯  ▯ │▯  ▯ ▯
▯  ▯ ▯  ▯ │▯  ▯ ▯
│         ││    │
│         ││    │
○──○─○──○─┘○──○─○
┌───────────────┐
│Loaded droid_mp│
└───────────────┘
