---
source: src/regression.rs
expression: ansi
---
┌──────────────────────────────────────────────────────────────────────────────────────────────────────────────────────┐
│                                            DROID: graph_plugin_cable_kind                                            │
└──────────────────────────────────────────────────────────────────────────────────────────────────────────────────────┘
┌ Panels ──────────────────────────────────────────────────────────────┐┌ Graph ───────────────────────────────────────┐
│◉◉┐                                                                   ││                                              │
│…0%                                                                   ││                                              │
││ │                                                                   ┌(unnamed)──────────────────────────────────────┐
││ │                                                                   ││                                              │
││ │                                                                   ││╭plugkind────────────╮  ╭vca─────────────────╮│
││ │                                                                   │││                    │  │                    ││
││ │                                                                   │││                    ●──◉                    ││
││ │                                                                   │││                    │  │                    ││
││ │                                                                   ││╰────────────────────╯  ╰────────────────────╯│
││ │                                                                   ││                                              │
│○○│                                                                   ││                                              │
│……│                                                                   ││                                              │
││ │                                                                   ││                                              │
││ │                                                                   ││                                              │
│○○│                                                                   ││                                              │
│○○│                                                                   ││                                              │
││ │                                                                   ││                                              │
││ │                                                                   ││                                              │
││ │                                                                   ││                                              │
│○○│                                                                   ││                                              │
│……│                                                                   ││                                              │
││ │                                                                   ││                                              │
││ │                                                                   ││╭p2b8────────────────╮                        │
│○○│                                                                   │││                    │                        │
│○○│                                                                   │││                    │                        │
││ │                                                                   │││                    │                        │
││ │                                                                   ││╰────────────────────╯                        │
││ │                                                                   ││                                              │
││ │                                                                   └───────────────────────────────────────────────┘
││ │                                                                   ││                                              │
││ │                                                                   ││                                              │
│└─┘                                                                   ││                                              │
└──────────────────────────────────────────────────────────────────────┘└──────────────────────────────────────────────┘
┌──────────────────────────────────────────────────────────────────────────────────────────────────────────────────────┐
│Loaded graph_plugin_cable_kind | Renders degraded at 120 cols — use ≥ 290 cols or reduce scale | latency avg 0.0 / max│
└──────────────────────────────────────────────────────────────────────────────────────────────────────────────────────┘
