---
source: src/regression.rs
expression: ansi
---
┌──────────────────────────────────────┐
│      DROID: graph_latency_fanout     │
└──────────────────────────────────────┘





┌(unnamed)─────────────────────────────┐
│                                      │
│                     ╭copy────────────╮
│╭clocktool───────────│                │
││                    ◉                │
││            ┌────┌──│                │
││            │    │  ╰────────────────╯
│╰────────────────────╯                │
│             │    │                   │
│             │    │                   │
│             │    │                   │
│             │  ╭mixer───────────────╮│
│             │  │ │                  ││
│             │  ◉─┘                  ││
│      ╭contour─────────────╮         ││
│      │      │  ╰──────────│─────────╯│
╭p2b8────────────────╮      │          │
│      │             │      │          │
│      ╰─────────────│──────╯          │
│                    │                 │
╰────────────────────╯                 │
│                                      │
└──────────────────────────────────────┘






┌──────────────────────────────────────┐
│Loaded graph_latency_fanout | Renders │
└──────────────────────────────────────┘
