---
source: src/regression.rs
expression: ansi
---
┌──────────────────────────────────────────────────────────────────────────────────────────────────┐
│                                     DROID: influence_outlier                                     │
└──────────────────────────────────────────────────────────────────────────────────────────────────┘



┌(unnamed)─────────────────────────────────────────────────────────────────────────────────────────┐
│                                                                                                  │
│          ╭button─────────╭copy────────────╭copy────────────╭copy────────────╭copy────────────────╮
│          │               │    │           │   │            │   │            │   │                │
│          │               ◉────●           │   │            │   │            │   │                │
│          │               │    │           │   │            │   │            │   │                │
│          ╰───────────────╰────────────────╰────────────────╰────────────────╰────────────────────╯
│                                                                                                  │
│          ╭copy───────────╭copy────────────╭copy────────────╭copy────────────╭copy────────────────╮
│          │               │    │           │   │            │   │            │   │                │
│          │               │    │           │   │            │   │            │   │                │
│          │               │    │           │   │            │   │            │   │                │
│          ╰───────────────╰────────────────╰────────────────╰────────────────╰────────────────────╯
│          ╭copy───────────╭copy────────────╭copy────────────╭copy────────────╭copy────────────────╮
│          │               │    │           │   │            │   │            │   │                │
│          │               │    │           │   │            │   │            │   │                │
│          │               │    │           │   │            │   │            │   │                │
│          ╰───────────────╰────────────────╰────────────────╰────────────────╰────────────────────╯
│                                                                                                  │
╭p2b8──────╭copy───────────╭copy────────────╭copy────────────╭copy────────────╭copy────────────────╮
│          │         │     │    │           │   │            │   │            │   │                │
│          │         │     │    │           │   │            │   │            │   │                │
│          │         │     │    │           │   │            │   │            │   │                │
╰──────────╰───────────────╰────────────────╰────────────────╰────────────────╰────────────────────╯
│          ╭copy───────────╭copy────────────╭copy────────────╭copy────────────╭copy────────────────╮
│          │               │    │           │   │            │   │            │   │                │
│          │               │    │           │   │            │   │            │   │                │
│          │               │    │           │   │            │   │            │   │                │
│          ╰───────────────╰────────────────╰────────────────╰────────────────╰────────────────────╯
│                                                                                                  │
│          ╭copy────────────────╮                                                                  │
│          │                    │                                                                  │
│          │                    │                                                                  │
│          │                    │                                                                  │
│          ╰────────────────────╯                                                                  │
│                                                                                                  │
└──────────────────────────────────────────────────────────────────────────────────────────────────┘




┌──────────────────────────────────────────────────────────────────────────────────────────────────┐
│Loaded influence_outlier | Renders degraded at 100 cols — use ≥ 324 cols or reduce scale | latency│
└──────────────────────────────────────────────────────────────────────────────────────────────────┘
