---
source: src/regression.rs
expression: ansi
---
┌──────────────────────────────────────────────────────────────────────────────────────────────────┐
│                                      DROID: graph_edge_kinds                                     │
└──────────────────────────────────────────────────────────────────────────────────────────────────┘


┌(unnamed)─────────────────────────────────────────────────────────────────────────────────────────┐
│                                                                                                  │
│                                 ╭osc─────────────────╮                                           │
│                                 │                    │                      ╭vca─────────────────╮
│                          ┌──────◉                    ●                      │                    │
│                          │      │                    │                     ┌◉                    │
│                          │      ╰────────────────────╯                     ││                    │
╭clocktool───────────╮     │                           │                     │╰────────────────────╯
│                    │     │                           │                     │                     │
│                    ●─────┘                           │                     │                     │
│                    │                                 │                     │                     │
╰────────────────────╯                                 │                     │                     │
│                                                      │                     │                     │
│                                                      │                     │                     │
│                                                      │                     │                     │
│                                                      │                     │                     │
│                                                      ╭notesequencer───────╮│                     │
│                                                      │                    ││                     │
│                                                      ◉                    ●┘                     │
│                                                      │                    │                      │
│                                                      ╰────────────────────╯                      │
│                                                                                                  │
│                 ╭p2b8────────────────╮                                                           │
│                 │                    │                                                           │
│                 │                    │                                                           │
│                 │                    │                                                           │
│                 ╰────────────────────╯                                                           │
│                                                                                                  │
└──────────────────────────────────────────────────────────────────────────────────────────────────┘



┌──────────────────────────────────────────────────────────────────────────────────────────────────┐
│Loaded graph_edge_kinds | Renders degraded at 100 cols — use ≥ 290 cols or reduce scale | latency │
└──────────────────────────────────────────────────────────────────────────────────────────────────┘
