---
source: src/regression.rs
expression: ansi
---
┌──────────────────────────────────────┐
│┌Mixer────────────────────────────────┐
┌│unnamed)───────────────┐─────────────│
││                     ╭contour────────╮
╭button──────────────╮ │ │             │
││                   │┌◉─────┐         │
││                ┌──●┘│ │   │         │
││                │  │ ╰───────────────╯
╰────────────────────╯   │   │         │
││                │      │   │         │
└│────────────────│──────┘   │         │
 │                │          │         │
 │             ╭mixer───────────────╮  │
 │             │  │          │      │  │
 │             ◉──┘┐         └──────●  │
 │             │   │                │  │
 │             ╰────────────────────╯  │
 │                 │                   │
 │                 │                   │
 │                 │                   │
 │                 │                   │
 │ ╭clocktool───────────╮              │
 │ │               │    │              │
 │ │               └────●              │
 │ │                    │              │
 │ ╰────────────────────╯              │
 │                                     │
 └─────────────────────────────────────┘









┌──────────────────────────────────────┐
│Loaded cable_banner_combos | Renders d│
└──────────────────────────────────────┘
