---
source: src/regression.rs
expression: ansi
---
┌──────────────────────────────────────────────────────────────────────────────────────────────────┐
┌(unnamed)─────────────────────────────────────────────────────────────────────────────────────────┐
│──────────────────────────────────────────────────────────────────────────────────────────────────│
│                              ╭copy────────────────╮                                              │
│                              │                    │                                              │
│        ╭copy────────────────╮│                    │                                              │
│        │                    ││                    │                                              │
│        │                    │╰───────────────╭copy────────────────╮                              │
│        │                    │                │                    │                              │
│        ╰────────────────────╯                │                    │                              │
│                                              │                    │copy────────────────╮         │
│                                ╭p2b8─────────╰────────────────────╯                    │         │
│                ╭copy────────────────╮               │             │                    │         │
│                │               │    │               │             │                    │         │
│                │               │    │               │             ╰────────────────────╯         │
│╭copy───────────│────╮          ╰────│────────╭copy────────────────╮                              │
││               ╰────────────────────╯        │                    │                              │
││                    │        ╭copy───────────│────╮         ╭copy─│──────────────╮               │
││                    │        │               │    │         │     │              │               │
│╰────────────────────╯        │               ╰────────────────────╯        ╭copy────────────────╮│
│                  ╭copy────────────────╮           │         │              │     │              ││
│                  │           ╰───────╭copy────────────────╮ ╰──────────────│─────╯              ││
│   ╭copy────────────────╮             ││                   │                │                    ││
│   │              │     │             ││          ╭copy────│───────────╮    ╰────────────────────╯│
│   │              ╰─────│─────────────│╯          │        │           │                          │
│   │                    │             ╰────────────────────╯    ╭copy────────────────╮            │
│   ╰────────────────────╯                         │        │    │      │             │            │
│                               ╭copy────────────────╮───────────│──────╯             │            │
│               ╭copy───────────│────╮          ╭butt│n──────────│───╮                │            │
│               │               │    │          │    │      │    ╰────────────────────╯────────────╮
╭copy────────────────╮          │    │          │    │      └────────●        │                    │
│               │    │          ╰────────────────────╯               │        │                    │
│               ╰────│───────────────╯          ╰─────────────╭copy────────────────╮               │
│                    │                                        │               ╰────│───────────────╯
╰────────────────────╯                                        │                    │               │
│            ╭copy───────────╭copy────────────╭copy────────────────╮               │               │
│            │               │    │           │   │           ╰────│───────────────╯               │
│            │               │    │           │   │                │                               │
│            │               │    │           │   │                │                               │
│            ╰───────────────╰────────────────╰────────────────────╯                               │
│                                                         ╭copy────────────────╮                   │
│                                                         │                    │                   │
│                                      ╭copy────────────────╮                  │                   │
│                                      │                  │ │                  │                   │
│                                      │                  ╰─│──────────────────╯                   │
│                                      │                    │                                      │
│                                      ╰────────────────────╯                                      │
┌──────────────────────────────────────────────────────────────────────────────────────────────────┐
│No patch loaded. Press 'l' to load. | Renders degraded at 100 cols — use ≥ 324 cols or reduce scal│
└──────────────────────────────────────────────────────────────────────────────────────────────────┘
