---
source: src/regression.rs
assertion_line: 1970
expression: ansi
---
┌──────────────────────────────────────────────────────────────────────────────────────────────────┐
│                                     DROID: source_navigation                                     │
└──────────────────────────────────────────────────────────────────────────────────────────────────┘
┌ Panels ──────────────────────────────────────────────────┐┌ Circuits ────────┐┌ Source [raw] ────┐
│┌ P2B8 [SHIFT 1] ────────────────────────────────────────┐││p2b8              ││# fixtures/source_│
││┌ ○ Button B1.1┐┌ ○ Button B1.2┐┌ ○ Button B1.3┐        │││button            ││# whole-line comme│
│││     OFF ○    ││     OFF ○    ││     OFF ○    │        │││button (1)        ││                  │
││└──────────────┘└──────────────┘└──────────────┘        │││button (2)        ││[p2b8] # inline co│
││  ○ Button B1.4    ○ LED L1.4     ○ Button B1.5         │││copy              ││                  │
││       OFF             OFF             OFF              │││copy (1)          ││# repeated button │
││                                                        │││copy (2)          ││[button]          │
││   ○ LED L1.5     ○ Button B1.6    ○ LED L1.6           │││switch            ││    button = B1.1 │
││       OFF             OFF             OFF              │││switch (1)        ││    led = L1.1    │
││                                                        │││compare           ││                  │
││  ○ Button B1.7    ○ LED L1.7     ○ Button B1.8         │││switch (2)        ││[button]  # second│
││       OFF             OFF             OFF              │││math              ││    button = B1.2 │
││                                                        │││copy (3)          ││    led = L1.2    │
││   ○ LED L1.8      ◉ Pot P1.1      ◉ Pot P1.2           │││copy (4)          ││    output = _ENV1│
││       OFF             0%              0%               │││copy (5)          ││                  │
││                                                        │││copy (6)          ││[button]          │
│└────────────────────────────────────────────────────────┘││copy (7)          ││    button = B1.3 │
│┌ CV I/O [SHIFT 1] ──────────────────────────────────────┐││switch (3)        ││    led = L1.3    │
││   ← Output O1     ← Output O2     ← Output O3          │││switch (4)        ││    # internal var│
││     CV OUT          CV OUT          CV OUT             │││copy (8)          ││    input = _ENV1_│
││                                                        │││copy (9)          ││                  │
││   ← Output O4     ← Output O5     ← Output O6          │││switch (5)        ││[copy]            │
││     CV OUT          CV OUT          CV OUT             │││                  ││    input = B1.1  │
││                                                        │││                  ││    output = O1 # │
││   ← Output O7     ← Output O8     ← Output O9          │││                  ││                  │
││     CV OUT          CV OUT          CV OUT             │││                  ││[copy] # repeated │
││                                                        │││                  ││    input = B1.2  │
││  ← Output O10    ← Output O11                          │││                  ││    output = O2   │
││     CV OUT          CV OUT                             │││                  ││                  │
││                                                        │││                  ││[copy]            │
│└────────────────────────────────────────────────────────┘││                  ││    input = _MYVAR│
│                                                          ││                  ││    output = O3   │
└──────────────────────────────────────────────────────────┘└──────────────────┘└──────────────────┘
┌──────────────────────────────────────────────────────────────────────────────────────────────────┐
│Source Viewer | ESC close | j/k scroll | Up/Down occur | Home/End jump | t toggle | Tab focus | [ │
└──────────────────────────────────────────────────────────────────────────────────────────────────┘
