---
source: src/regression.rs
assertion_line: 5079
expression: ansi
---
┌──────────────────────────────────────┐
│      DROID: cable_banner_combos      │
└──────────────────────────────────────┘



┌Mixer─────────────────────────────────┐
│                                      │
│(unnamed)──────────╭contour───────────╮
│                   │    │             │
╭button─────────────◉╮─────┐           │
│                   ││   │ │           │
│                ┌──╰──────────────────╯
│                │   │   │ │           │
╰────────────────────╯   │ │           │
│                │       │ │           │
│────────────────│───────┘ │           │
│                │         │           │
│            ╭mixer*──────────────╮    │
│            │   │         │      │    │
│            ◉───┘         └──────●    │
│            │   │                │    │
│            ╰────────────────────╯    │
│                │                     │
│                │                     │
│                │                     │
│╭clocktool───────────╮                │
││               │    │                │
││               └────●                │
││                    │                │
│╰────────────────────╯                │
│                                      │
└──────────────────────────────────────┘




┌──────────────────────────────────────┐
│No patch loaded. Press 'l' to load. | │
└──────────────────────────────────────┘
