---
source: src/regression.rs
expression: buffer_to_ansi(&buf)
---
┌────────────────────────────────────────────────────────────────────────────────────────────────────────────────────────────────────────────────────────────────────────────────────────────────────────────────────────────────────────────────────────────────────────────────────────────────────────────────────────────────────────────────────────────────────┐
│                                                                                                                                                                    DROID: render_outlier_matrix                                                                                                                                                                    │
└────────────────────────────────────────────────────────────────────────────────────────────────────────────────────────────────────────────────────────────────────────────────────────────────────────────────────────────────────────────────────────────────────────────────────────────────────────────────────────────────────────────────────────────────────┘
┌──┐┌───┐┌────┐
◉ ◉…  En…  CV …
0%0%│   ││    │
│  ││   ││    │
│  ││   ││    │
│  ││   ││    │
│  ││   ││    │
│  ││   ││    │
│  ││   ││    │
│  ││   ││    │
│  ││   ││    │
│○○││   ││    │
│……││   ││    │
│  │◉   ││    │
│  │…   ││    │
│○○││   │◀ ▶  │
│○○││   │… …  │
│  ││   ││    │
│  ││   ││    │
│  ││   ││    │
│○○││   ││    │
│……││   ││    │
│  ││   ││    │
└──┘└───┘└────┘
┌────────────────────────────────────────────────────────────────────────────────────────────────────────────────────────────────────────────────────────────────────────────────────────────────────────────────────────────────────────────────────────────────────────────────────────────────────────────────────────────────────────────────────────────────────┐
│No patch loaded. Press 'l' to load. | Scale: 1.0 | Orientation: Portrait                                                                                                                                                                                                                                                                                            │
└────────────────────────────────────────────────────────────────────────────────────────────────────────────────────────────────────────────────────────────────────────────────────────────────────────────────────────────────────────────────────────────────────────────────────────────────────────────────────────────────────────────────────────────────────┘
