---
source: src/regression.rs
expression: ansi
---
┌──────────────────────────────────────────────────────────────────────────────┐
│                      DROID: modifier_switch_passthrough                      │
└──────────────────────────────────────────────────────────────────────────────┘
┌──┐┌────┐┐
◉ ◉…  CV …
0%0%│    ││
│  ││    ││
│  ││    ││
│  ││    ││
│  ││    ││
│  ││    ││
│  ││    ││
│  ││    ││
│  ││    ││
│○○││    ││
│……││    ││
│  ││    ││
│  ││    ││
│○○││  ▶ ││
│○○││  … ││
│  ││    ││
│  ││    ││
│  ││  ▶ ││
│○○││  … ││
│……││    ││
│  ││    ││
│  ││    ││
│○○││    ││
│○○││    ││
│  ││    ││
│  ││  ▶ ││
│  ││  … ││
│  ││    ││
│  ││    ││
│  ││    ││
│  ││    ││
└──┘└────┘┘
┌──────────────────────────────────────────────────────────────────────────────┐
│No patch loaded. Press 'l' to load. | SHIFT 1 ACTIVE | MOD B1.1 → 15 cells / 9│
└──────────────────────────────────────────────────────────────────────────────┘
