---
source: src/regression.rs
expression: ansi_on
---
┌──────────────────────────────────────────────────────────────────────────────────────────────────┐
│                                    D┌(unnamed)───────────────┐                                   │
└─────────────────────────────────────│────────────────────────│───────────────────────────────────┘
                                      │ ╭button──────────────╮ │
                                      │ │                    │ │
                                      │ │          ┌─────────●───────┐
                                      │ │          │         │ │     │
                                      │ ╰────────────────────╯ │     │
                                      │            │           │     │
                                      └────────────│───────────┘     │
                                                   │                 │
                                                   │                 │
                                                   │                 │
                                                   │                 │
                                                   │                 │
                                                   │                 │
                                                   │                 │
                                                   │                 │
┌Mixer─────────────────────────────────────────────│─────────────────│─────────────────────────────┐
│                                                  │                 │                             │
│                                                  │                 │        ╭contour─────────────╮
│                                                  │                 │        │                    │
│                                                  │                 └┌───────◉                    │
│                                                  │                  │       │                    │
│                                                  │                  │       ╰────────────────────╯
│                                                  │                  │                            │
│                                                  │                  │                            │
│                                                  │                  │                            │
│                                                  │                  │                            │
│                                                  │                  │                            │
│                                        ╭mixer*──────────────╮       │                            │
│                                        │         │          │       │                            │
╭clocktool───────────╮         ┌─────────◉─────────┘          ●───────┘                            │
│                    │         │         │                    │                                    │
│                    ●─────────┘         ╰────────────────────╯                                    │
│                    │                                                                             │
╰────────────────────╯                                                                             │
┌──────────────────────────────────────────────────────────────────────────────────────────────────┐
│No patch loaded. Press 'l' to load. | Renders degraded at 100 cols — use ≥ 36 cols or reduce scale│
└──────────────────────────────────────────────────────────────────────────────────────────────────┘
