---
source: src/ui.rs
expression: channel
---
┌──────────────────────────────────────────────────────────────────────────────────────────────────────────────────────┐
│Loaded arpeggio1 | Renders degraded at 120 cols — use ≥ 228 cols or reduce scale | Scale: 1.0 | Orientation: Portrait │
└──────────────────────────────────────────────────────────────────────────────────────────────────────────────────────┘
