---
source: src/regression.rs
expression: ansi
---
┌──────────────────────────────────────┐
┌(unnamed)─────────────────────────────┐
│──────────────────────────────────────│
╭p2b8────────────────╮                 │
│                    │                 │
│                    │                 │
│                    │                 │
╰────────────────────╯                 │
│                                      │
│                                      │
│                                      │
│                                      │
│                                      │
│                                      │
│                                      │
│                                      │
│      ╭copy────────────────╮          │
│      │                    │          │
│      ◉───────┐    ┌───────●          │
│      │       │    │       │          │
│      ╰────────────────────╯          │
│              │    │                  │
│              │    │                  │
│           ╭mixer───────────────╮     │
│           │  │    │            │     │
│           ◉──│────┘    ┌───────●     │
│           │  │  ╭contour─────────────╮
│           ╰─────│──────────────╯     │
│              │  ◉──────┘             │
│              │  │                    │
│              │  ╰────────────────────╯
│              │                       │
│  ╭clocktool───────────╮              │
│  │           │        │              │
│  │           └────────●              │
│  │                    │              │
│  ╰────────────────────╯              │
┌──────────────────────────────────────┐
│No patch loaded. Press 'l' to load. | │
└──────────────────────────────────────┘
