---
source: src/regression.rs
expression: ansi
---
┌──────────────────────────────────────────────────────────────────────────────────────────────────┐
│                                          DROID: master18                                         │
└──────────────────────────────────────────────────────────────────────────────────────────────────┘
┌───┐
│ CV…
│   │
│   │
│   │
│   │
▶ ▶ │
… … │
│   │
│   │
▶ ▶ │
… … │
│   │
│   │
▶ ▶ │
… … │
│   │
│   │
│   │
│   │
│   │
│   │
│   │
│   │
│   │
│   │
│   │
│   │
│   │
│   │
│   │
│   │
│   │
│   │
│   │
└───┘








┌──────────────────────────────────────────────────────────────────────────────────────────────────┐
│Loaded master18 | Renders degraded at 100 cols — use ≥ 194 cols or reduce scale | Scale: 1.0 | Ori│
└──────────────────────────────────────────────────────────────────────────────────────────────────┘
