---
source: src/regression.rs
expression: ansi
---
┌──────────────────────────────────────────────────────────────────────────────────────────────────────────────────────┐
│                                                  DROID: fader_column                                                 │
└──────────────────────────────────────────────────────────────────────────────────────────────────────────────────────┘
┌───┐┌──────┐
○○○○○▯ ▯4▯2▯│
▯▯▯▯▯▯ ▯ ▯ ▯│
▮▯▯▯▯▯ ▯ ▯ ▯│
▮▯▯▯▯▯ ▯ ▯ ▯│
▮▯▯▯▯▯ ▯ ▯ ▯│
│   │▯ ▯ ▯ ▯│
│   │▯ ▯ ▯ ▯│
□□□□□▮ ▯ ▯ ▯│
……………▮ ▯ ▯ ▯│
│   │▮ ▯ ▯ ▯│
│   │▮ ▯ ▯ ▯│
│   │▮ ▯ ▯ ▯│
│   │▮ ▯ ▯ ▯│
│   │▮ ▯ ▯ ▯│
│   ││      │
│   ││      │
│   │○ ○ ○ ○│
│   │… … … …│
│   ││      │
│   ││      │
│   ││      │
│   │○ ○ ○ ○│
│   ││      │
│   ││      │
└───┘└──────┘


























































┌──────────────────────────────────────────────────────────────────────────────────────────────────────────────────────┐
│Loaded fader_column | Renders degraded at 120 cols — use ≥ 516 cols or reduce scale | Scale: 0.8 | Orientation: Portra│
└──────────────────────────────────────────────────────────────────────────────────────────────────────────────────────┘
